+
Bï¿½ï¿½Jï¿½ï¿½ï¿½ï¿½ chip revision: v1.0[0mï¿½ets Jun  8 2016 00:22:57

rst:0x1 (POWERON_RESET),boot:0x13 (SPI_FAST_FLASH_BOOT)
configsip: 0, SPIWP:0xee
clk_drv:0x00,q_drv:0x00,d_drv:0x00,cs0_drv:0x00,hd_drv:0x00,wp_drv:0x00
mode:DIO, clock div:2
load:0x3fff0030,len:7172
load:0x40078000,len:15540
load:0x40080400,len:4
ho 8 tail 4 room 4
load:0x40080404,len:3904
entry 0x40080640
[0;32mI (30) boot: ESP-IDF v5.2.3-dirty 2nd stage bootloader[0m
[0;32mI (30) boot: compile time Jan  3 2025 23:38:32[0m
[0;32mI (31) boot: Multicore bootloader[0m
[0;32mI (35) boot: chip revision: v1.0[0m
[0;32mI (39) boot.esp32: SPI Speed      : 40MHz[0m
[0;32mI (44) boot.esp32: SPI Mode       : DIO[0m
[0;32mI (48) boot.esp32: SPI Flash Size : 4MB[0m
[0;32mI (53) boot: Enabling RNG early entropy source...[0m
[0;32mI (58) boot: Partition Table:[0m
[0;32mI (62) boot: ## Label            Usage          Type ST Offset   Length[0m
[0;32mI (69) boot:  0 nvs              WiFi data        01 02 00009000 00006000[0m
[0;32mI (76) boot:  1 otadata          OTA data         01 00 0000f000 00002000[0m
[0;32mI (84) boot:  2 factory          factory app      00 00 00020000 00220000[0m
[0;32mI (91) boot: End of partition table[0m
[0;32mI (96) boot: Defaulting to factory image[0m
[0;32mI (100) esp_image: segment 0: paddr=00020020 vaddr=3f400020 size=34c88h (216200) map[0m
[0;32mI (183) esp_image: segment 1: paddr=00054cb0 vaddr=3ffbdb60 size=05518h ( 21784) load[0m
[0;32mI (191) esp_image: segment 2: paddr=0005a1d0 vaddr=40080000 size=05e48h ( 24136) load[0m
[0;32mI (201) esp_image: segment 3: paddr=00060020 vaddr=400d0020 size=b4600h (738816) map[0m
[0;32mI (454) esp_image: segment 4: paddr=00114628 vaddr=40085e48 size=10f54h ( 69460) load[0m
[0;32mI (493) boot: Loaded app from partition at offset 0x20000[0m
[0;32mI (494) boot: Disabling RNG early entropy source...[0m
[0;32mI (505) cpu_start: Multicore app[0m
[0;32mI (514) cpu_start: Pro cpu start user code[0m
[0;32mI (514) cpu_start: cpu freq: 160000000 Hz[0m
[0;32mI (514) cpu_start: Application information:[0m
[0;32mI (517) cpu_start: Project name:     BLE_MESH_Node[0m
[0;32mI (523) cpu_start: App version:      2841ab0-dirty[0m
[0;32mI (528) cpu_start: Compile time:     Jan  3 2025 23:58:39[0m
[0;32mI (534) cpu_start: ELF file SHA256:  5ad0d44c51cd1d4a...[0m
[0;32mI (540) cpu_start: ESP-IDF:          v5.2.3-dirty[0m
[0;32mI (546) cpu_start: Min chip rev:     v0.0[0m
[0;32mI (550) cpu_start: Max chip rev:     v3.99 [0m
[0;32mI (555) cpu_start: Chip rev:         v1.0[0m
[0;32mI (560) heap_init: Initializing. RAM available for dynamic allocation:[0m
[0;32mI (567) heap_init: At 3FFAFF10 len 000000F0 (0 KiB): DRAM[0m
[0;32mI (573) heap_init: At 3FFB6388 len 00001C78 (7 KiB): DRAM[0m
[0;32mI (579) heap_init: At 3FFB9A20 len 00004108 (16 KiB): DRAM[0m
[0;32mI (586) heap_init: At 3FFCAEC8 len 00015138 (84 KiB): DRAM[0m
[0;32mI (592) heap_init: At 3FFE0440 len 00003AE0 (14 KiB): D/IRAM[0m
[0;32mI (598) heap_init: At 3FFE4350 len 0001BCB0 (111 KiB): D/IRAM[0m
[0;32mI (605) heap_init: At 40096D9C len 00009264 (36 KiB): IRAM[0m
[0;32mI (612) spi_flash: detected chip: generic[0m
[0;32mI (615) spi_flash: flash io: dio[0m
[0;32mI (620) coexist: coex firmware version: 27d8387[0m
[0;32mI (625) main_task: Started on CPU0[0m
[0;32mI (635) main_task: Calling app_main()[0m
[0;32mI (635) MESH-SERVER-MAIN: Initializing...[0m
use esp timer !!!
[0;31mE (635) esp_timer: Task is already initialized[0m
[0;32mI (635) gpio: GPIO[0]| InputEn: 1| OutputEn: 0| OpenDrain: 0| Pullup: 1| Pulldown: 0| Intr:3 [0m
[0;32mI (1685) BTDM_INIT: BT controller compile version [b022216][0m
[0;32mI (1685) BTDM_INIT: Bluetooth MAC: c8:f0:9e:9a:37:0a[0m
[0;32mI (1685) phy_init: phy_version 4840,a40f0ac,Aug 16 2024,16:48:06[0m
Bluetooth Mesh v1.1 commit: [10f7fdc1a9]
[0;33mW (2175) BLE_MESH: bt_mesh_proxy_server_prov_disable, Already[0m
[0;32mI (2205) MESH_SERVER: ESP_BLE_MESH_NODE_PROV_COMPLETE_EVT[0m
[0;32mI (2205) MESH_SERVER: net_idx: 0x0000, addr: 0x0034[0m
[0;32mI (2205) MESH_SERVER: Device provisioned[0m
[0;32mI (2215) MESH_SERVER: ESP_BLE_MESH_PROV_REGISTER_COMP_EVT, err_code 0[0m
[0;32mI (2215) MESH_SERVER: ESP_BLE_MESH_NODE_SET_UNPROV_DEV_NAME_COMP_EVT, Name: BLE Mesh, err_code 0[0m
[0;33mW (2225) BLE_MESH: bt_mesh_prov_enable, Already[0m
[0;32mI (2235) MESH_SERVER: ESP_BLE_MESH_NODE_PROV_ENABLE_COMP_EVT, err_code -120[0m
[0;32mI (2245) MESH_SERVER: BLE Mesh Node initialized![0m
[0;32mI (2255) main_task: Returned from app_main()[0m
[0;31mE (6265) MESH-SERVER-MAIN: 22.000000[0m
[0;31mE (6265) MESH-SERVER-MAIN: 60.000000[0m
[0;33mW (6285) BLE_MESH: No outbound bearer found, inbound bearer 1[0m
[0;33mW (6305) BLE_MESH: No outbound bearer found, inbound bearer 1[0m
[0;33mW (6335) BLE_MESH: No outbound bearer found, inbound bearer 1[0m
[0;33mW (6345) BLE_MESH: No outbound bearer found, inbound bearer 1[0m
[0;32mI (6345) MESH_SERVER: OPCODE_STATUS received in server: 0xc202e5[0m
[0;33mW (6345) PARSED_DATA: ttl recv = 3[0m
[0;33mW (6355) PARSED_DATA: Device Name = dht11[0m
[0;33mW (6355) PARSED_DATA: Temperature = 22.000000[0m
[0;33mW (6365) PARSED_DATA: Humidity    = 60.000000[0m
[0;33mW (6365) PARSED_DATA: temp_ADC        = 3.000000[0m
[0;32mI (6375) MESH_SERVER: ble_mesh_custom_sensor_server_model_cb -- SEND_COMPLETE -- Send message opcode 0x00c202e5 success[0m
[0;31mE (16285) MESH-SERVER-MAIN: 22.000000[0m
[0;31mE (16285) MESH-SERVER-MAIN: 60.000000[0m
[0;33mW (16305) BLE_MESH: No outbound bearer found, inbound bearer 1[0m
[0;33mW (16325) BLE_MESH: No outbound bearer found, inbound bearer 1[0m
[0;33mW (16355) BLE_MESH: No outbound bearer found, inbound bearer 1[0m
[0;33mW (16365) BLE_MESH: No outbound bearer found, inbound bearer 1[0m
[0;32mI (16365) MESH_SERVER: OPCODE_STATUS received in server: 0xc202e5[0m
[0;33mW (16365) PARSED_DATA: ttl recv = 3[0m
[0;33mW (16375) PARSED_DATA: Device Name = dht11[0m
[0;33mW (16375) PARSED_DATA: Temperature = 22.000000[0m
[0;33mW (16385) PARSED_DATA: Humidity    = 60.000000[0m
[0;33mW (16385) PARSED_DATA: temp_ADC        = 3.000000[0m
[0;32mI (16395) MESH_SERVER: ble_mesh_custom_sensor_server_model_cb -- SEND_COMPLETE -- Send message opcode 0x00c202e5 success[0m
