ets Jul 29 2019 12:21:46

rst:0x1 (POWERON_RESET),boot:0x13 (SPI_FAST_FLASH_BOOT)
configsip: 0, SPIWP:0xee
clk_drv:0x00,q_drv:0x00,d_drv:0x00,cs0_drv:0x00,hd_drv:0x00,wp_drv:0x00
mode:DIO, clock div:2
load:0x3fff0030,len:7084
ho 0 tail 12 room 4
load:0x40078000,len:15584
load:0x40080400,len:4
load:0x40080404,len:3876
entry 0x4008064c
[0;32mI (31) boot: ESP-IDF v5.1.2-dirty 2nd stage bootloader[0m
[0;32mI (31) boot: compile time Jul  8 2024 21:25:35[0m
[0;32mI (31) boot: Multicore bootloader[0m
[0;32mI (36) boot: chip revision: v3.1[0m
[0;32mI (40) boot.esp32: SPI Speed      : 40MHz[0m
[0;32mI (44) boot.esp32: SPI Mode       : DIO[0m
[0;32mI (49) boot.esp32: SPI Flash Size : 4MB[0m
[0;32mI (53) boot: Enabling RNG early entropy source...[0m
[0;32mI (59) boot: Partition Table:[0m
[0;32mI (62) boot: ## Label            Usage          Type ST Offset   Length[0m
[0;32mI (70) boot:  0 nvs              WiFi data        01 02 00009000 00006000[0m
[0;32mI (77) boot:  1 otadata          OTA data         01 00 0000f000 00002000[0m
[0;32mI (85) boot:  2 factory          factory app      00 00 00020000 00220000[0m
[0;32mI (92) boot: End of partition table[0m
[0;32mI (96) boot: Defaulting to factory image[0m
[0;32mI (101) esp_image: segment 0: paddr=00020020 vaddr=3f400020 size=31bb8h (203704) map[0m
[0;32mI (183) esp_image: segment 1: paddr=00051be0 vaddr=3ffbdb60 size=04498h ( 17560) load[0m
[0;32mI (190) esp_image: segment 2: paddr=00056080 vaddr=40080000 size=09f98h ( 40856) load[0m
[0;32mI (207) esp_image: segment 3: paddr=00060020 vaddr=400d0020 size=a0fd4h (659412) map[0m
[0;32mI (446) esp_image: segment 4: paddr=00100ffc vaddr=40089f98 size=0e7e0h ( 59360) load[0m
[0;32mI (483) boot: Loaded app from partition at offset 0x20000[0m
[0;32mI (483) boot: Disabling RNG early entropy source...[0m
[0;32mI (495) cpu_start: Multicore app[0m
[0;32mI (495) cpu_start: Pro cpu up.[0m
[0;32mI (495) cpu_start: Starting app cpu, entry point is 0x40081428[0m
[0;32mI (0) cpu_start: App cpu up.[0m
[0;32mI (513) cpu_start: Pro cpu start user code[0m
[0;32mI (513) cpu_start: cpu freq: 160000000 Hz[0m
[0;32mI (513) cpu_start: Application information:[0m
[0;32mI (518) cpu_start: Project name:     BLE_MESH_Node_BH[0m
[0;32mI (523) cpu_start: App version:      aa62094-dirty[0m
[0;32mI (529) cpu_start: Compile time:     Jul  8 2024 21:25:11[0m
[0;32mI (535) cpu_start: ELF file SHA256:  258678a5010bbf98...[0m
[0;32mI (541) cpu_start: ESP-IDF:          v5.1.2-dirty[0m
[0;32mI (546) cpu_start: Min chip rev:     v0.0[0m
[0;32mI (551) cpu_start: Max chip rev:     v3.99 [0m
[0;32mI (556) cpu_start: Chip rev:         v3.1[0m
[0;32mI (561) heap_init: Initializing. RAM available for dynamic allocation:[0m
[0;32mI (568) heap_init: At 3FFAFF10 len 000000F0 (0 KiB): DRAM[0m
[0;32mI (574) heap_init: At 3FFB6388 len 00001C78 (7 KiB): DRAM[0m
[0;32mI (580) heap_init: At 3FFB9A20 len 00004108 (16 KiB): DRAM[0m
[0;32mI (586) heap_init: At 3FFC97A8 len 00016858 (90 KiB): DRAM[0m
[0;32mI (592) heap_init: At 3FFE0440 len 00003AE0 (14 KiB): D/IRAM[0m
[0;32mI (598) heap_init: At 3FFE4350 len 0001BCB0 (111 KiB): D/IRAM[0m
[0;32mI (605) heap_init: At 40098778 len 00007888 (30 KiB): IRAM[0m
[0;32mI (613) spi_flash: detected chip: generic[0m
[0;32mI (616) spi_flash: flash io: dio[0m
[0;32mI (621) coexist: coex firmware version: b6d5e8c[0m
[0;32mI (626) app_start: Starting scheduler on CPU0[0m
[0;32[0;32mI (630) app_start: Starting scheduler on CPU1[0m
mI (630) main_task: Started on CPU0[0m
[0;32mI (640) main_task: Calling app_main()[0m
[0;32mI (640) MESH-SERVER-MAIN: Initializing...[0m
use esp timer !!!
[0;31mE (640) esp_timer: Task is already initialized[0m
[0;32mI (650) gpio: GPIO[0]| InputEn: 1| OutputEn: 0| OpenDrain: 0| Pullup: 1| Pulldown: 0| Intr:3 [0m
[0;32mI (670) MESH-SERVER-MAIN: Install OK.........[0m
[0;32mI (670) MESH-SERVER-MAIN: INIT OK.........[0m
Guru Meditation Error: Core  0 panic'ed (LoadProhibited). Exception was unhandled.

Core  0 register dump:
PC      : 0x400d8403  PS      : 0x00060f30  A0      : 0x800d8079  A1      : 0x3ffbbb60  
A2      : 0x00000000  A3      : 0x3ffc276c  A4      : 0x3ffbd830  A5      : 0x00000000  
A6      : 0x3ffbd944  A7      : 0x00000000  A8      : 0x800923c2  A9      : 0x3ffbbb60  
A10     : 0x3ffc2520  A11     : 0x7fffffff  A12     : 0x00000000  A13     : 0x00000001  
A14     : 0xb33fffff  A15     : 0xb33fffff  SAR     : 0x00000018  EXCCAUSE: 0x0000001c  
EXCVADDR: 0x00000001  LBEG    : 0x4000c46c  LEND    : 0x4000c477  LCOUNT  : 0x00000000  


Backtrace: 0x400d8400:0x3ffbbb60 0x400d8076:0x3ffbbb90 0x400d81a7:0x3ffbbbe0 0x400d8201:0x3ffbbc30 0x401705b7:0x3ffbbc50 0x40093c31:0x3ffbbc80




ELF file SHA256: 258678a5010bbf98

Rebooting...
ets Jul 29 2019 12:21:46

rst:0xc (SW_CPU_RESET),boot:0x13 (SPI_FAST_FLASH_BOOT)
configsip: 0, SPIWP:0xee
clk_drv:0x00,q_drv:0x00,d_drv:0x00,cs0_drv:0x00,hd_drv:0x00,wp_drv:0x00
mode:DIO, clock div:2
load:0x3fff0030,len:7084
ho 0 tail 12 room 4
load:0x40078000,len:15584
load:0x40080400,len:4
load:0x40080404,len:3876
entry 0x4008064c
[0;32mI (31) boot: ESP-IDF v5.1.2-dirty 2nd stage bootloader[0m
[0;32mI (31) boot: compile time Jul  8 2024 21:25:35[0m
[0;32mI (31) boot: Multicore bootloader[0m
[0;32mI (36) boot: chip revision: v3.1[0m
[0;32mI (40) boot.esp32: SPI Speed      : 40MHz[0m
[0;32mI (44) boot.esp32: SPI Mode       : DIO[0m
[0;32mI (49) boot.esp32: SPI Flash Size : 4MB[0m
[0;32mI (53) boot: Enabling RNG early entropy source...[0m
[0;32mI (59) boot: Partition Table:[0m
[0;32mI (62) boot: ## Label            Usage          Type ST Offset   Length[0m
[0;32mI (70) boot:  0 nvs              WiFi data        01 02 00009000 00006000[0m
[0;32mI (77) boot:  1 otadata          OTA data         01 00 0000f000 00002000[0m
[0;32mI (85) boot:  2 factory          factory app      00 00 00020000 00220000[0m
[0;32mI (92) boot: End of partition table[0m
[0;32mI (96) boot: Defaulting to factory image[0m
[0;32mI (101) esp_image: segment 0: paddr=00020020 vaddr=3f400020 size=31bb8h (203704) map[0m
[0;32mI (183) esp_image: segment 1: paddr=00051be0 vaddr=3ffbdb60 size=04498h ( 17560) load[0m
[0;32mI (190) esp_image: segment 2: paddr=00056080 vaddr=40080000 size=09f98h ( 40856) load[0m
[0;32mI (207) esp_image: segment 3: paddr=00060020 vaddr=400d0020 size=a0fd4h (659412) map[0m
[0;32mI (446) esp_image: segment 4: paddr=00100ffc vaddr=40089f98 size=0e7e0h ( 59360) load[0m
[0;32mI (483) boot: Loaded app from partition at offset 0x20000[0m
[0;32mI (483) boot: Disabling RNG early entropy source...[0m
[0;32mI (494) cpu_start: Multicore app[0m
[0;32mI (495) cpu_start: Pro cpu up.[0m
[0;32mI (495) cpu_start: Starting app cpu, entry point is 0x40081428[0m
[0;32mI (482) cpu_start: App cpu up.[0m
[0;32mI (513) cpu_start: Pro cpu start user code[0m
[0;32mI (513) cpu_start: cpu freq: 160000000 Hz[0m
[0;32mI (513) cpu_start: Application information:[0m
[0;32mI (518) cpu_start: Project name:     BLE_MESH_Node_BH[0m
[0;32mI (523) cpu_start: App version:      aa62094-dirty[0m
[0;32mI (529) cpu_start: Compile time:     Jul  8 2024 21:25:11[0m
[0;32mI (535) cpu_start: ELF file SHA256:  258678a5010bbf98...[0m
[0;32mI (541) cpu_start: ESP-IDF:          v5.1.2-dirty[0m
[0;32mI (546) cpu_start: Min chip rev:     v0.0[0m
[0;32mI (551) cpu_start: Max chip rev:     v3.99 [0m
[0;32mI (556) cpu_start: Chip rev:         v3.1[0m
[0;32mI (561) heap_init: Initializing. RAM available for dynamic allocation:[0m
[0;32mI (568) heap_init: At 3FFAFF10 len 000000F0 (0 KiB): DRAM[0m
[0;32mI (574) heap_init: At 3FFB6388 len 00001C78 (7 KiB): DRAM[0m
[0;32mI (580) heap_init: At 3FFB9A20 len 00004108 (16 KiB): DRAM[0m
[0;32mI (586) heap_init: At 3FFC97A8 len 00016858 (90 KiB): DRAM[0m
[0;32mI (592) heap_init: At 3FFE0440 len 00003AE0 (14 KiB): D/IRAM[0m
[0;32mI (599) heap_init: At 3FFE4350 len 0001BCB0 (111 KiB): D/IRAM[0m
[0;32mI (605) heap_init: At 40098778 len 00007888 (30 KiB): IRAM[0m
[0;32mI (613) spi_flash: detected chip: generic[0m
[0;32mI (616) spi_flash: flash io: dio[0m
[0;32mI (621) coexist: coex firmware version: b6d5e8c[0m
[0;32mI (626) app_start: Starting scheduler on CPU0[0m
[0;32[0;32mI (630) app_start: Starting scheduler on CPU1[0m
mI (630) main_task: Started on CPU0[0m
[0;32mI (640) main_task: Calling app_main()[0m
[0;32mI (640) MESH-SERVER-MAIN: Initializing...[0m
use esp timer !!!
[0;31mE (640) esp_timer: Task is already initialized[0m
[0;32mI (650) gpio: GPIO[0]| InputEn: 1| OutputEn: 0| OpenDrain: 0| Pullup: 1| Pulldown: 0| Intr:3 [0m
[0;32mI (670) MESH-SERVER-MAIN: Install OK.........[0m
[0;32mI (670) MESH-SERVER-MAIN: INIT OK.........[0m
Guru Meditation Error: Core  0 panic'ed (LoadProhibited). Exception was unhandled.

Core  0 register dump:
PC      : 0x400d8403  PS      : 0x00060f30  A0      : 0x800d8079  A1      : 0x3ffbbb60  
A2      : 0x00000000  A3      : 0x3ffc276c  A4      : 0x3ffbd830  A5      : 0x00000000  
A6      : 0x3ffbd944  A7      : 0x00000000  A8      : 0x800923c2  A9      : 0x3ffbbb60  
A10     : 0x3ffc2520  A11     : 0x7fffffff  A12     : 0x00000000  A13     : 0x00000001  
A14     : 0xb33fffff  A15     : 0xb33fffff  SAR     : 0x00000018  EXCCAUSE: 0x0000001c  
EXCVADDR: 0x00000001  LBEG    : 0x4000c46c  LEND    : 0x4000c477  LCOUNT  : 0x00000000  


Backtrace: 0x400d8400:0x3ffbbb60 0x400d8076:0x3ffbbb90 0x400d81a7:0x3ffbbbe0 0x400d8201:0x3ffbbc30 0x401705b7:0x3ffbbc50 0x40093c31:0x3ffbbc80




ELF file SHA256: 258678a5010bbf98

Rebooting...
ets Jul 29 2019 12:21:46

rst:0xc (SW_CPU_RESET),boot:0x13 (SPI_FAST_FLASH_BOOT)
configsip: 0, SPIWP:0xee
clk_drv:0x00,q_drv:0x00,d_drv:0x00,cs0_drv:0x00,hd_drv:0x00,wp_drv:0x00
mode:DIO, clock div:2
load:0x3fff0030,len:7084
ho 0 tail 12 room 4
load:0x40078000,len:15584
load:0x40080400,len:4
load:0x40080404,len:3876
entry 0x4008064c
[0;32mI (31) boot: ESP-IDF v5.1.2-dirty 2nd stage bootloader[0m
[0;32mI (31) boot: compile time Jul  8 2024 21:25:35[0m
[0;32mI (31) boot: Multicore bootloader[0m
[0;32mI (36) boot: chip revision: v3.1[0m
[0;32mI (40) boot.esp32: SPI Speed      : 40MHz[0m
[0;32mI (44) boot.esp32: SPI Mode       : DIO[0m
[0;32mI (49) boot.esp32: SPI Flash Size : 4MB[0m
[0;32mI (53) boot: Enabling RNG early entropy source...[0m
[0;32mI (59) boot: Partition Table:[0m
[0;32mI (62) boot: ## Label            Usage          Type ST Offset   Length[0m
[0;32mI (70) boot:  0 nvs              WiFi data        01 02 00009000 00006000[0m
[0;32mI (77) boot:  1 otadata          OTA data         01 00 0000f000 00002000[0m
[0;32mI (85) boot:  2 factory          factory app      00 00 00020000 00220000[0m
[0;32mI (92) boot: End of partition table[0m
[0;32mI (96) boot: Defaulting to factory image[0m
[0;32mI (101) esp_image: segment 0: paddr=00020020 vaddr=3f400020 size=31bb8h (203704) map[0m
[0;32mI (183) esp_image: segment 1: paddr=00051be0 vaddr=3ffbdb60 size=04498h ( 17560) load[0m
[0;32mI (190) esp_image: segment 2: paddr=00056080 vaddr=40080000 size=09f98h ( 40856) load[0m
[0;32mI (207) esp_image: segment 3: paddr=00060020 vaddr=400d0020 size=a0fd4h (659412) map[0m
[0;32mI (446) esp_image: segment 4: paddr=00100ffc vaddr=40089f98 size=0e7e0h ( 59360) load[0m
[0;32mI (483) boot: Loaded app from partition at offset 0x20000[0m
[0;32mI (483) boot: Disabling RNG early entropy source...[0m
[0;32mI (494) cpu_start: Multicore app[0m
[0;32mI (495) cpu_start: Pro cpu up.[0m
[0;32mI (495) cpu_start: Starting app cpu, entry point is 0x40081428[0m
[0;32mI (482) cpu_start: App cpu up.[0m
[0;32mI (513) cpu_start: Pro cpu start user code[0m
[0;32mI (513) cpu_start: cpu freq: 160000000 Hz[0m
[0;32mI (513) cpu_start: Application information:[0m
[0;32mI (518) cpu_start: Project name:     BLE_MESH_Node_BH[0m
[0;32mI (523) cpu_start: App version:      aa62094-dirty[0m
[0;32mI (529) cpu_start: Compile time:     Jul  8 2024 21:25:11[0m
[0;32mI (535) cpu_start: ELF file SHA256:  258678a5010bbf98...[0m
[0;32mI (541) cpu_start: ESP-IDF:          v5.1.2-dirty[0m
[0;32mI (546) cpu_start: Min chip rev:     v0.0[0m
[0;32mI (551) cpu_start: Max chip rev:     v3.99 [0m
[0;32mI (556) cpu_start: Chip rev:         v3.1[0m
[0;32mI (561) heap_init: Initializing. RAM available for dynamic allocation:[0m
[0;32mI (568) heap_init: At 3FFAFF10 len 000000F0 (0 KiB): DRAM[0m
[0;32mI (574) heap_init: At 3FFB6388 len 00001C78 (7 KiB): DRAM[0m
[0;32mI (580) heap_init: At 3FFB9A20 len 00004108 (16 KiB): DRAM[0m
[0;32mI (586) heap_init: At 3FFC97A8 len 00016858 (90 KiB): DRAM[0m
[0;32mI (592) heap_init: At 3FFE0440 len 00003AE0 (14 KiB): D/IRAM[0m
[0;32mI (599) heap_init: At 3FFE4350 len 0001BCB0 (111 KiB): D/IRAM[0m
[0;32mI (605) heap_init: At 40098778 len 00007888 (30 KiB): IRAM[0m
[0;32mI (613) spi_flash: detected chip: generic[0m
[0;32mI (616) spi_flash: flash io: dio[0m
[0;32mI (621) coexist: coex firmware version: b6d5e8c[0m
[0;32mI (626) app_start: Starting scheduler on CPU0[0m
[0;32[0;32mI (630) app_start: Starting scheduler on CPU1[0m
mI (630) main_task: Started on CPU0[0m
[0;32mI (640) main_task: Calling app_main()[0m
[0;32mI (640) MESH-SERVER-MAIN: Initializing...[0m
use esp timer !!!
[0;31mE (640) esp_timer: Task is already initialized[0m
[0;32mI (650) gpio: GPIO[0]| InputEn: 1| OutputEn: 0| OpenDrain: 0| Pullup: 1| Pulldown: 0| Intr:3 [0m
[0;32mI (670) MESH-SERVER-MAIN: Install OK.........[0m
[0;32mI (670) MESH-SERVER-MAIN: INIT OK.........[0m
Guru Meditation Error: Core  0 panic'ed (LoadProhibited). Exception was unhandled.

Core  0 register dump:
PC      : 0x400d8403  PS      : 0x00060f30  A0      : 0x800d8079  A1      : 0x3ffbbb60  
A2      : 0x00000000  A3      : 0x3ffc276c  A4      : 0x3ffbd830  A5      : 0x00000000  
A6      : 0x3ffbd944  A7      : 0x00000000  A8      : 0x800923c2  A9      : 0x3ffbbb60  
A10     : 0x3ffc2520  A11     : 0x7fffffff  A12     : 0x00000000  A13     : 0x00000001  
A14     : 0xb33fffff  A15     : 0xb33fffff  SAR     : 0x00000018  EXCCAUSE: 0x0000001c  
EXCVADDR: 0x00000001  LBEG    : 0x4000c46c  LEND    : 0x4000c477  LCOUNT  : 0x00000000  


Backtrace: 0x400d8400:0x3ffbbb60 0x400d8076:0x3ffbbb90 0x400d81a7:0x3ffbbbe0 0x400d8201:0x3ffbbc30 0x401705b7:0x3ffbbc50 0x40093c31:0x3ffbbc80




ELF file SHA256: 258678a5010bbf98

Rebooting...
ets Jul 29 2019 12:21:46

rst:0xc (SW_CPU_RESET),boot:0x13 (SPI_FAST_FLASH_BOOT)
configsip: 0, SPIWP:0xee
clk_drv:0x00,q_drv:0x00,d_drv:0x00,cs0_drv:0x00,hd_drv:0x00,wp_drv:0x00
mode:DIO, clock div:2
load:0x3fff0030,len:7084
ho 0 tail 12 room 4
load:0x40078000,len:15584
load:0x40080400,len:4
load:0x40080404,len:3876
entry 0x4008064c
[0;32mI (31) boot: ESP-IDF v5.1.2-dirty 2nd stage bootloader[0m
[0;32mI (31) boot: compile time Jul  8 2024 21:25:35[0m
[0;32mI (31) boot: Multicore bootloader[0m
[0;32mI (36) boot: chip revision: v3.1[0m
[0;32mI (40) boot.esp32: SPI Speed      : 40MHz[0m
[0;32mI (44) boot.esp32: SPI Mode       : DIO[0m
[0;32mI (49) boot.esp32: SPI Flash Size : 4MB[0m
[0;32mI (53) boot: Enabling RNG early entropy source...[0m
[0;32mI (59) boot: Partition Table:[0m
[0;32mI (62) boot: ## Label            Usage          Type ST Offset   Length[0m
[0;32mI (70) boot:  0 nvs              WiFi data        01 02 00009000 00006000[0m
[0;32mI (77) boot:  1 otadata          OTA data         01 00 0000f000 00002000[0m
[0;32mI (85) boot:  2 factory          factory app      00 00 00020000 00220000[0m
[0;32mI (92) boot: End of partition table[0m
[0;32mI (96) boot: Defaulting to factory image[0m
[0;32mI (101) esp_image: segment 0: paddr=00020020 vaddr=3f400020 size=31bb8h (203704) map[0m
[0;32mI (183) esp_image: segment 1: paddr=00051be0 vaddr=3ffbdb60 size=04498h ( 17560) load[0m
[0;32mI (190) esp_image: segment 2: paddr=00056080 vaddr=40080000 size=09f98h ( 40856) load[0m
[0;32mI (207) esp_image: segment 3: paddr=00060020 vaddr=400d0020 size=a0fd4h (659412) map[0m
[0;32mI (446) esp_image: segment 4: paddr=00100ffc vaddr=40089f98 size=0e7e0h ( 59360) load[0m
[0;32mI (483) boot: Loaded app from partition at offset 0x20000[0m
[0;32mI (483) boot: Disabling RNG early entropy source...[0m
[0;32mI (494) cpu_start: Multicore app[0m
[0;32mI (495) cpu_start: Pro cpu up.[0m
[0;32mI (495) cpu_start: Starting app cpu, entry point is 0x40081428[0m
[0;32mI (482) cpu_start: App cpu up.[0m
[0;32mI (513) cpu_start: Pro cpu start user code[0m
[0;32mI (513) cpu_start: cpu freq: 160000000 Hz[0m
[0;32mI (513) cpu_start: Application information:[0m
[0;32mI (518) cpu_start: Project name:     BLE_MESH_Node_BH[0m
[0;32mI (523) cpu_start: App version:      aa62094-dirty[0m
[0;32mI (529) cpu_start: Compile time:     Jul  8 2024 21:25:11[0m
[0;32mI (535) cpu_start: ELF file SHA256:  258678a5010bbf98...[0m
[0;32mI (541) cpu_start: ESP-IDF:          v5.1.2-dirty[0m
[0;32mI (546) cpu_start: Min chip rev:     v0.0[0m
[0;32mI (551) cpu_start: Max chip rev:     v3.99 [0m
[0;32mI (556) cpu_start: Chip rev:         v3.1[0m
[0;32mI (561) heap_init: Initializing. RAM available for dynamic allocation:[0m
[0;32mI (568) heap_init: At 3FFAFF10 len 000000F0 (0 KiB): DRAM[0m
[0;32mI (574) heap_init: At 3FFB6388 len 00001C78 (7 KiB): DRAM[0m
[0;32mI (580) heap_init: At 3FFB9A20 len 00004108 (16 KiB): DRAM[0m
[0;32mI (586) heap_init: At 3FFC97A8 len 00016858 (90 KiB): DRAM[0m
[0;32mI (592) heap_init: At 3FFE0440 len 00003AE0 (14 KiB): D/IRAM[0m
[0;32mI (599) heap_init: At 3FFE4350 len 0001BCB0 (111 KiB): D/IRAM[0m
[0;32mI (605) heap_init: At 40098778 len 00007888 (30 KiB): IRAM[0m
[0;32mI (613) spi_flash: detected chip: generic[0m
[0;32mI (616) spi_flash: flash io: dio[0m
[0;32mI (621) coexist: coex firmware version: b6d5e8c[0m
[0;32mI (626) app_start: Starting scheduler on CPU0[0m
[0;32[0;32mI (630) app_start: Starting scheduler on CPU1[0m
mI (630) main_task: Started on CPU0[0m
[0;32mI (640) main_task: Calling app_main()[0m
[0;32mI (640) MESH-SERVER-MAIN: Initializing...[0m
use esp timer !!!
[0;31mE (640) esp_timer: Task is already initialized[0m
[0;32mI (650) gpio: GPIO[0]| InputEn: 1| OutputEn: 0| OpenDrain: 0| Pullup: 1| Pulldown: 0| Intr:3 [0m
[0;32mI (670) MESH-SERVER-MAIN: Install OK.........[0m
[0;32mI (670) MESH-SERVER-MAIN: INIT OK.........[0m
Guru Meditation Error: Core  0 panic'ed (LoadProhibited). Exception was unhandled.

Core  0 register dump:
PC      : 0x400d8403  PS      : 0x00060f30  A0      : 0x800d8079  A1      : 0x3ffbbb60  
A2      : 0x00000000  A3      : 0x3ffc276c  A4      : 0x3ffbd830  A5      : 0x00000000  
A6      : 0x3ffbd944  A7      : 0x00000000  A8      : 0x800923c2  A9      : 0x3ffbbb60  
A10     : 0x3ffc2520  A11     : 0x7fffffff  A12     : 0x00000000  A13     : 0x00000001  
A14     : 0xb33fffff  A15     : 0xb33fffff  SAR     : 0x00000018  EXCCAUSE: 0x0000001c  
EXCVADDR: 0x00000001  LBEG    : 0x4000c46c  LEND    : 0x4000c477  LCOUNT  : 0x00000000  


Backtrace: 0x400d8400:0x3ffbbb60 0x400d8076:0x3ffbbb90 0x400d81a7:0x3ffbbbe0 0x400d8201:0x3ffbbc30 0x401705b7:0x3ffbbc50 0x40093c31:0x3ffbbc80




ELF file SHA256: 258678a5010bbf98

Rebooting...
ets Jul 29 2019 12:21:46

rst:0xc (SW_CPU_RESET),boot:0x13 (SPI_FAST_FLASH_BOOT)
configsip: 0, SPIWP:0xee
clk_drv:0x00,q_drv:0x00,d_drv:0x00,cs0_drv:0x00,hd_drv:0x00,wp_drv:0x00
mode:DIO, clock div:2
load:0x3fff0030,len:7084
ho 0 tail 12 room 4
load:0x40078000,len:15584
load:0x40080400,len:4
load:0x40080404,len:3876
entry 0x4008064c
[0;32mI (31) boot: ESP-IDF v5.1.2-dirty 2nd stage bootloader[0m
[0;32mI (31) boot: compile time Jul  8 2024 21:25:35[0m
[0;32mI (31) boot: Multicore bootloader[0m
[0;32mI (36) boot: chip revision: v3.1[0m
[0;32mI (40) boot.esp32: SPI Speed      : 40MHz[0m
[0;32mI (44) boot.esp32: SPI Mode       : DIO[0m
[0;32mI (49) boot.esp32: SPI Flash Size : 4MB[0m
[0;32mI (53) boot: Enabling RNG early entropy source...[0m
[0;32mI (59) boot: Partition Table:[0m
[0;32mI (62) boot: ## Label            Usage          Type ST Offset   Length[0m
[0;32mI (70) boot:  0 nvs              WiFi data        01 02 00009000 00006000[0m
[0;32mI (77) boot:  1 otadata          OTA data         01 00 0000f000 00002000[0m
[0;32mI (85) boot:  2 factory          factory app      00 00 00020000 00220000[0m
[0;32mI (92) boot: End of partition table[0m
[0;32mI (96) boot: Defaulting to factory image[0m
[0;32mI (101) esp_image: segment 0: paddr=00020020 vaddr=3f400020 size=31bb8h (203704) map[0m
[0;32mI (183) esp_image: segment 1: paddr=00051be0 vaddr=3ffbdb60 size=04498h ( 17560) load[0m
[0;32mI (190) esp_image: segment 2: paddr=00056080 vaddr=40080000 size=09f98h ( 40856) load[0m
[0;32mI (207) esp_image: segment 3: paddr=00060020 vaddr=400d0020 size=a0fd4h (659412) map[0m
[0;32mI (446) esp_image: segment 4: paddr=00100ffc vaddr=40089f98 size=0e7e0h ( 59360) load[0m
[0;32mI (483) boot: Loaded app from partition at offset 0x20000[0m
[0;32mI (483) boot: Disabling RNG early entropy source...[0m
[0;32mI (494) cpu_start: Multicore app[0m
[0;32mI (495) cpu_start: Pro cpu up.[0m
[0;32mI (495) cpu_start: Starting app cpu, entry point is 0x40081428[0m
[0;32mI (482) cpu_start: App cpu up.[0m
[0;32mI (513) cpu_start: Pro cpu start user code[0m
[0;32mI (513) cpu_start: cpu freq: 160000000 Hz[0m
[0;32mI (513) cpu_start: Application information:[0m
[0;32mI (518) cpu_start: Project name:     BLE_MESH_Node_BH[0m
[0;32mI (523) cpu_start: App version:      aa62094-dirty[0m
[0;32mI (529) cpu_start: Compile time:     Jul  8 2024 21:25:11[0m
[0;32mI (535) cpu_start: ELF file SHA256:  258678a5010bbf98...[0m
[0;32mI (541) cpu_start: ESP-IDF:          v5.1.2-dirty[0m
[0;32mI (546) cpu_start: Min chip rev:     v0.0[0m
[0;32mI (551) cpu_start: Max chip rev:     v3.99 [0m
[0;32mI (556) cpu_start: Chip rev:         v3.1[0m
[0;32mI (561) heap_init: Initializing. RAM available for dynamic allocation:[0m
[0;32mI (568) heap_init: At 3FFAFF10 len 000000F0 (0 KiB): DRAM[0m
[0;32mI (574) heap_init: At 3FFB6388 len 00001C78 (7 KiB): DRAM[0m
[0;32mI (580) heap_init: At 3FFB9A20 len 00004108 (16 KiB): DRAM[0m
[0;32mI (586) heap_init: At 3FFC97A8 len 00016858 (90 KiB): DRAM[0m
[0;32mI (592) heap_init: At 3FFE0440 len 00003AE0 (14 KiB): D/IRAM[0m
[0;32mI (599) heap_init: At 3FFE4350 len 0001BCB0 (111 KiB): D/IRAM[0m
[0;32mI (605) heap_init: At 40098778 len 00007888 (30 KiB): IRAM[0m
[0;32mI (613) spi_flash: detected chip: generic[0m
[0;32mI (616) spi_flash: flash io: dio[0m
[0;32mI (621) coexist: coex firmware version: b6d5e8c[0m
[0;32mI (626) app_start: Starting scheduler on CPU0[0m
[0;32[0;32mI (630) app_start: Starting scheduler on CPU1[0m
mI (630) main_task: Started on CPU0[0m
[0;32mI (640) main_task: Calling app_main()[0m
[0;32mI (640) MESH-SERVER-MAIN: Initializing...[0m
use esp timer !!!
[0;31mE (640) esp_timer: Task is already initialized[0m
[0;32mI (650) gpio: GPIO[0]| InputEn: 1| OutputEn: 0| OpenDrain: 0| Pullup: 1| Pulldown: 0| Intr:3 [0m
[0;32mI (670) MESH-SERVER-MAIN: Install OK.........[0m
[0;32mI (670) MESH-SERVER-MAIN: INIT OK.........[0m
Guru Meditation Error: Core  0 panic'ed (LoadProhibited). Exception was unhandled.

Core  0 register dump:
PC      : 0x400d8403  PS      : 0x00060f30  A0      : 0x800d8079  A1      : 0x3ffbbb60  
A2      : 0x00000000  A3      : 0x3ffc276c  A4      : 0x3ffbd830  A5      : 0x00000000  
A6      : 0x3ffbd944  A7      : 0x00000000  A8      : 0x800923c2  A9      : 0x3ffbbb60  
A10     : 0x3ffc2520  A11     : 0x7fffffff  A12     : 0x00000000  A13     : 0x00000001  
A14     : 0xb33fffff  A15     : 0xb33fffff  SAR     : 0x00000018  EXCCAUSE: 0x0000001c  
EXCVADDR: 0x00000001  LBEG    : 0x4000c46c  LEND    : 0x4000c477  LCOUNT  : 0x00000000  


Backtrace: 0x400d8400:0x3ffbbb60 0x400d8076:0x3ffbbb90 0x400d81a7:0x3ffbbbe0 0x400d8201:0x3ffbbc30 0x401705b7:0x3ffbbc50 0x40093c31:0x3ffbbc80




ELF file SHA256: 258678a5010bbf98

Rebooting...
ets Jul 29 2019 12:21:46

rst:0xc (SW_CPU_RESET),boot:0x13 (SPI_FAST_FLASH_BOOT)
configsip: 0, SPIWP:0xee
clk_drv:0x00,q_drv:0x00,d_drv:0x00,cs0_drv:0x00,hd_drv:0x00,wp_drv:0x00
mode:DIO, clock div:2
load:0x3fff0030,len:7084
ho 0 tail 12 room 4
load:0x40078000,len:15584
load:0x40080400,len:4
load:0x40080404,len:3876
entry 0x4008064c
[0;32mI (31) boot: ESP-IDF v5.1.2-dirty 2nd stage bootloader[0m
[0;32mI (31) boot: compile time Jul  8 2024 21:25:35[0m
[0;32mI (31) boot: Multicore bootloader[0m
[0;32mI (36) boot: chip revision: v3.1[0m
[0;32mI (40) boot.esp32: SPI Speed      : 40MHz[0m
[0;32mI (44) boot.esp32: SPI Mode       : DIO[0m
[0;32mI (49) boot.esp32: SPI Flash Size : 4MB[0m
[0;32mI (53) boot: Enabling RNG early entropy source...[0m
[0;32mI (59) boot: Partition Table:[0m
[0;32mI (62) boot: ## Label            Usage          Type ST Offset   Length[0m
[0;32mI (70) boot:  0 nvs              WiFi data        01 02 00009000 00006000[0m
[0;32mI (77) boot:  1 otadata          OTA data         01 00 0000f000 00002000[0m
[0;32mI (85) boot:  2 factory          factory app      00 00 00020000 00220000[0m
[0;32mI (92) boot: End of partition table[0m
[0;32mI (96) boot: Defaulting to factory image[0m
[0;32mI (101) esp_image: segment 0: paddr=00020020 vaddr=3f400020 size=31bb8h (203704) map[0m
[0;32mI (183) esp_image: segment 1: paddr=00051be0 vaddr=3ffbdb60 size=04498h ( 17560) load[0m
[0;32mI (190) esp_image: segment 2: paddr=00056080 vaddr=40080000 size=09f98h ( 40856) load[0m
[0;32mI (207) esp_image: segment 3: paddr=00060020 vaddr=400d0020 size=a0fd4h (659412) map[0m
[0;32mI (446) esp_image: segment 4: paddr=00100ffc vaddr=40089f98 size=0e7e0h ( 59360) load[0m
[0;32mI (483) boot: Loaded app from partition at offset 0x20000[0m
[0;32mI (483) boot: Disabling RNG early entropy source...[0m
[0;32mI (494) cpu_start: Multicore app[0m
[0;32mI (495) cpu_start: Pro cpu up.[0m
[0;32mI (495) cpu_start: Starting app cpu, entry point is 0x40081428[0m
[0;32mI (482) cpu_start: App cpu up.[0m
[0;32mI (513) cpu_start: Pro cpu start user code[0m
[0;32mI (513) cpu_start: cpu freq: 160000000 Hz[0m
[0;32mI (513) cpu_start: Application information:[0m
[0;32mI (518) cpu_start: Project name:     BLE_MESH_Node_BH[0m
[0;32mI (523) cpu_start: App version:      aa62094-dirty[0m
[0;32mI (529) cpu_start: Compile time:     Jul  8 2024 21:25:11[0m
[0;32mI (535) cpu_start: ELF file SHA256:  258678a5010bbf98...[0m
[0;32mI (541) cpu_start: ESP-IDF:          v5.1.2-dirty[0m
[0;32mI (546) cpu_start: Min chip rev:     v0.0[0m
[0;32mI (551) cpu_start: Max chip rev:     v3.99 [0m
[0;32mI (556) cpu_start: Chip rev:         v3.1[0m
[0;32mI (561) heap_init: Initializing. RAM available for dynamic allocation:[0m
[0;32mI (568) heap_init: At 3FFAFF10 len 000000F0 (0 KiB): DRAM[0m
[0;32mI (574) heap_init: At 3FFB6388 len 00001C78 (7 KiB): DRAM[0m
[0;32mI (580) heap_init: At 3FFB9A20 len 00004108 (16 KiB): DRAM[0m
[0;32mI (586) heap_init: At 3FFC97A8 len 00016858 (90 KiB): DRAM[0m
[0;32mI (592) heap_init: At 3FFE0440 len 00003AE0 (14 KiB): D/IRAM[0m
[0;32mI (599) heap_init: At 3FFE4350 len 0001BCB0 (111 KiB): D/IRAM[0m
[0;32mI (605) heap_init: At 40098778 len 00007888 (30 KiB): IRAM[0m
[0;32mI (613) spi_flash: detected chip: generic[0m
[0;32mI (616) spi_flash: flash io: dio[0m
[0;32mI (621) coexist: coex firmware version: b6d5e8c[0m
[0;32mI (626) app_start: Starting scheduler on CPU0[0m
[0;32[0;32mI (630) app_start: Starting scheduler on CPU1[0m
mI (630) main_task: Started on CPU0[0m
[0;32mI (640) main_task: Calling app_main()[0m
[0;32mI (640) MESH-SERVER-MAIN: Initializing...[0m
use esp timer !!!
[0;31mE (640) esp_timer: Task is already initialized[0m
[0;32mI (650) gpio: GPIO[0]| InputEn: 1| OutputEn: 0| OpenDrain: 0| Pullup: 1| Pulldown: 0| Intr:3 [0m
[0;32mI (670) MESH-SERVER-MAIN: Install OK.........[0m
[0;32mI (670) MESH-SERVER-MAIN: INIT OK.........[0m
Guru Meditation Error: Core  0 panic'ed (LoadProhibited). Exception was unhandled.

Core  0 register dump:
PC      : 0x400d8403  PS      : 0x00060f30  A0      : 0x800d8079  A1      : 0x3ffbbb60  
A2      : 0x00000000  A3      : 0x3ffc276c  A4      : 0x3ffbd830  A5      : 0x00000000  
A6      : 0x3ffbd944  A7      : 0x00000000  A8      : 0x800923c2  A9      : 0x3ffbbb60  
A10     : 0x3ffc2520  A11     : 0x7fffffff  A12     : 0x00000000  A13     : 0x00000001  
A14     : 0xb33fffff  A15     : 0xb33fffff  SAR     : 0x00000018  EXCCAUSE: 0x0000001c  
EXCVADDR: 0x00000001  LBEG    : 0x4000c46c  LEND    : 0x4000c477  LCOUNT  : 0x00000000  


Backtrace: 0x400d8400:0x3ffbbb60 0x400d8076:0x3ffbbb90 0x400d81a7:0x3ffbbbe0 0x400d8201:0x3ffbbc30 0x401705b7:0x3ffbbc50 0x40093c31:0x3ffbbc80




ELF file SHA256: 258678a5010bbf98

Rebooting...
ets Jul 29 2019 12:21:46

rst:0xc (SW_CPU_RESET),boot:0x13 (SPI_FAST_FLASH_BOOT)
configsip: 0, SPIWP:0xee
clk_drv:0x00,q_drv:0x00,d_drv:0x00,cs0_drv:0x00,hd_drv:0x00,wp_drv:0x00
mode:DIO, clock div:2
load:0x3fff0030,len:7084
ho 0 tail 12 room 4
load:0x40078000,len:15584
load:0x40080400,len:4
load:0x40080404,len:3876
entry 0x4008064c
[0;32mI (31) boot: ESP-IDF v5.1.2-dirty 2nd stage bootloader[0m
[0;32mI (31) boot: compile time Jul  8 2024 21:25:35[0m
[0;32mI (31) boot: Multicore bootloader[0m
[0;32mI (36) boot: chip revision: v3.1[0m
[0;32mI (40) boot.esp32: SPI Speed      : 40MHz[0m
[0;32mI (44) boot.esp32: SPI Mode       : DIO[0m
[0;32mI (49) boot.esp32: SPI Flash Size : 4MB[0m
[0;32mI (53) boot: Enabling RNG early entropy source...[0m
[0;32mI (59) boot: Partition Table:[0m
[0;32mI (62) boot: ## Label            Usage          Type ST Offset   Length[0m
[0;32mI (70) boot:  0 nvs              WiFi data        01 02 00009000 00006000[0m
[0;32mI (77) boot:  1 otadata          OTA data         01 00 0000f000 00002000[0m
[0;32mI (85) boot:  2 factory          factory app      00 00 00020000 00220000[0m
[0;32mI (92) boot: End of partition table[0m
[0;32mI (96) boot: Defaulting to factory image[0m
[0;32mI (101) esp_image: segment 0: paddr=00020020 vaddr=3f400020 size=31bb8h (203704) map[0m
[0;32mI (183) esp_image: segment 1: paddr=00051be0 vaddr=3ffbdb60 size=04498h ( 17560) load[0m
[0;32mI (190) esp_image: segment 2: paddr=00056080 vaddr=40080000 size=09f98h ( 40856) load[0m
[0;32mI (207) esp_image: segment 3: paddr=00060020 vaddr=400d0020 size=a0fd4h (659412) map[0m
[0;32mI (446) esp_image: segment 4: paddr=00100ffc vaddr=40089f98 size=0e7e0h ( 59360) load[0m
[0;32mI (483) boot: Loaded app from partition at offset 0x20000[0m
[0;32mI (483) boot: Disabling RNG early entropy source...[0m
[0;32mI (494) cpu_start: Multicore app[0m
[0;32mI (495) cpu_start: Pro cpu up.[0m
[0;32mI (495) cpu_start: Starting app cpu, entry point is 0x40081428[0m
[0;32mI (482) cpu_start: App cpu up.[0m
[0;32mI (513) cpu_start: Pro cpu start user code[0m
[0;32mI (513) cpu_start: cpu freq: 160000000 Hz[0m
[0;32mI (513) cpu_start: Application information:[0m
[0;32mI (518) cpu_start: Project name:     BLE_MESH_Node_BH[0m
[0;32mI (523) cpu_start: App version:      aa62094-dirty[0m
[0;32mI (529) cpu_start: Compile time:     Jul  8 2024 21:25:11[0m
[0;32mI (535) cpu_start: ELF file SHA256:  258678a5010bbf98...[0m
[0;32mI (541) cpu_start: ESP-IDF:          v5.1.2-dirty[0m
[0;32mI (546) cpu_start: Min chip rev:     v0.0[0m
[0;32mI (551) cpu_start: Max chip rev:     v3.99 [0m
[0;32mI (556) cpu_start: Chip rev:         v3.1[0m
[0;32mI (561) heap_init: Initializing. RAM available for dynamic allocation:[0m
[0;32mI (568) heap_init: At 3FFAFF10 len 000000F0 (0 KiB): DRAM[0m
[0;32mI (574) heap_init: At 3FFB6388 len 00001C78 (7 KiB): DRAM[0m
[0;32mI (580) heap_init: At 3FFB9A20 len 00004108 (16 KiB): DRAM[0m
[0;32mI (586) heap_init: At 3FFC97A8 len 00016858 (90 KiB): DRAM[0m
[0;32mI (592) heap_init: At 3FFE0440 len 00003AE0 (14 KiB): D/IRAM[0m
[0;32mI (599) heap_init: At 3FFE4350 len 0001BCB0 (111 KiB): D/IRAM[0m
[0;32mI (605) heap_init: At 40098778 len 00007888 (30 KiB): IRAM[0m
[0;32mI (613) spi_flash: detected chip: generic[0m
[0;32mI (616) spi_flash: flash io: dio[0m
[0;32mI (621) coexist: coex firmware version: b6d5e8c[0m
[0;32mI (626) app_start: Starting scheduler on CPU0[0m
[0;32[0;32mI (630) app_start: Starting scheduler on CPU1[0m
mI (630) main_task: Started on CPU0[0m
[0;32mI (640) main_task: Calling app_main()[0m
[0;32mI (640) MESH-SERVER-MAIN: Initializing...[0m
use esp timer !!!
[0;31mE (640) esp_timer: Task is already initialized[0m
[0;32mI (650) gpio: GPIO[0]| InputEn: 1| OutputEn: 0| OpenDrain: 0| Pullup: 1| Pulldown: 0| Intr:3 [0m
[0;32mI (670) MESH-SERVER-MAIN: Install OK.........[0m
[0;32mI (670) MESH-SERVER-MAIN: INIT OK.........[0m
Guru Meditation Error: Core  0 panic'ed (LoadProhibited). Exception was unhandled.

Core  0 register dump:
PC      : 0x400d8403  PS      : 0x00060f30  A0      : 0x800d8079  A1      : 0x3ffbbb60  
A2      : 0x00000000  A3      : 0x3ffc276c  A4      : 0x3ffbd830  A5      : 0x00000000  
A6      : 0x3ffbd944  A7      : 0x00000000  A8      : 0x800923c2  A9      : 0x3ffbbb60  
A10     : 0x3ffc2520  A11     : 0x7fffffff  A12     : 0x00000000  A13     : 0x00000001  
A14     : 0xb33fffff  A15     : 0xb33fffff  SAR     : 0x00000018  EXCCAUSE: 0x0000001c  
EXCVADDR: 0x00000001  LBEG    : 0x4000c46c  LEND    : 0x4000c477  LCOUNT  : 0x00000000  


Backtrace: 0x400d8400:0x3ffbbb60 0x400d8076:0x3ffbbb90 0x400d81a7:0x3ffbbbe0 0x400d8201:0x3ffbbc30 0x401705b7:0x3ffbbc50 0x40093c31:0x3ffbbc80




ELF file SHA256: 258678a5010bbf98

Rebooting...
ets Jul 29 2019 12:21:46

rst:0xc (SW_CPU_RESET),boot:0x13 (SPI_FAST_FLASH_BOOT)
configsip: 0, SPIWP:0xee
clk_drv:0x00,q_drv:0x00,d_drv:0x00,cs0_drv:0x00,hd_drv:0x00,wp_drv:0x00
mode:DIO, clock div:2
load:0x3fff0030,len:7084
ho 0 tail 12 room 4
load:0x40078000,len:15584
load:0x40080400,len:4
load:0x40080404,len:3876
entry 0x4008064c
[0;32mI (31) boot: ESP-IDF v5.1.2-dirty 2nd stage bootloader[0m
[0;32mI (31) boot: compile time Jul  8 2024 21:25:35[0m
[0;32mI (31) boot: Multicore bootloader[0m
[0;32mI (36) boot: chip revision: v3.1[0m
[0;32mI (40) boot.esp32: SPI Speed      : 40MHz[0m
[0;32mI (44) boot.esp32: SPI Mode       : DIO[0m
[0;32mI (49) boot.esp32: SPI Flash Size : 4MB[0m
[0;32mI (53) boot: Enabling RNG early entropy source...[0m
[0;32mI (59) boot: Partition Table:[0m
[0;32mI (62) boot: ## Label            Usage          Type ST Offset   Length[0m
[0;32mI (70) boot:  0 nvs              WiFi data        01 02 00009000 00006000[0m
[0;32mI (77) boot:  1 otadata          OTA data         01 00 0000f000 00002000[0m
[0;32mI (85) boot:  2 factory          factory app      00 00 00020000 00220000[0m
[0;32mI (92) boot: End of partition table[0m
[0;32mI (96) boot: Defaulting to factory image[0m
[0;32mI (101) esp_image: segment 0: paddr=00020020 vaddr=3f400020 size=31bb8h (203704) map[0m
[0;32mI (183) esp_image: segment 1: paddr=00051be0 vaddr=3ffbdb60 size=04498h ( 17560) load[0m
[0;32mI (190) esp_image: segment 2: paddr=00056080 vaddr=40080000 size=09f98h ( 40856) load[0m
[0;32mI (207) esp_image: segment 3: paddr=00060020 vaddr=400d0020 size=a0fd4h (659412) map[0m
[0;32mI (446) esp_image: segment 4: paddr=00100ffc vaddr=40089f98 size=0e7e0h ( 59360) load[0m
[0;32mI (483) boot: Loaded app from partition at offset 0x20000[0m
[0;32mI (483) boot: Disabling RNG early entropy source...[0m
[0;32mI (494) cpu_start: Multicore app[0m
[0;32mI (495) cpu_start: Pro cpu up.[0m
[0;32mI (495) cpu_start: Starting app cpu, entry point is 0x40081428[0m
[0;32mI (482) cpu_start: App cpu up.[0m
[0;32mI (513) cpu_start: Pro cpu start user code[0m
[0;32mI (513) cpu_start: cpu freq: 160000000 Hz[0m
[0;32mI (513) cpu_start: Application information:[0m
[0;32mI (518) cpu_start: Project name:     BLE_MESH_Node_BH[0m
[0;32mI (523) cpu_start: App version:      aa62094-dirty[0m
[0;32mI (529) cpu_start: Compile time:     Jul  8 2024 21:25:11[0m
[0;32mI (535) cpu_start: ELF file SHA256:  258678a5010bbf98...[0m
[0;32mI (541) cpu_start: ESP-IDF:          v5.1.2-dirty[0m
[0;32mI (546) cpu_start: Min chip rev:     v0.0[0m
[0;32mI (551) cpu_start: Max chip rev:     v3.99 [0m
[0;32mI (556) cpu_start: Chip rev:         v3.1[0m
[0;32mI (561) heap_init: Initializing. RAM available for dynamic allocation:[0m
[0;32mI (568) heap_init: At 3FFAFF10 len 000000F0 (0 KiB): DRAM[0m
[0;32mI (574) heap_init: At 3FFB6388 len 00001C78 (7 KiB): DRAM[0m
[0;32mI (580) heap_init: At 3FFB9A20 len 00004108 (16 KiB): DRAM[0m
[0;32mI (586) heap_init: At 3FFC97A8 len 00016858 (90 KiB): DRAM[0m
[0;32mI (592) heap_init: At 3FFE0440 len 00003AE0 (14 KiB): D/IRAM[0m
[0;32mI (599) heap_init: At 3FFE4350 len 0001BCB0 (111 KiB): D/IRAM[0m
[0;32mI (605) heap_init: At 40098778 len 00007888 (30 KiB): IRAM[0m
[0;32mI (613) spi_flash: detected chip: generic[0m
[0;32mI (616) spi_flash: flash io: dio[0m
[0;32mI (621) coexist: coex firmware version: b6d5e8c[0m
[0;32mI (626) app_start: Starting scheduler on CPU0[0m
[0;32[0;32mI (630) app_start: Starting scheduler on CPU1[0m
mI (630) main_task: Started on CPU0[0m
[0;32mI (640) main_task: Calling app_main()[0m
[0;32mI (640) MESH-SERVER-MAIN: Initializing...[0m
use esp timer !!!
[0;31mE (640) esp_timer: Task is already initialized[0m
[0;32mI (650) gpio: GPIO[0]| InputEn: 1| OutputEn: 0| OpenDrain: 0| Pullup: 1| Pulldown: 0| Intr:3 [0m
[0;32mI (670) MESH-SERVER-MAIN: Install OK.........[0m
[0;32mI (670) MESH-SERVER-MAIN: INIT OK.........[0m
ESP_ERROR_CHECK failed: esp_err_t 0xffffffff (ESP_FAIL) at 0x400d827d
file: "./main/bh1750.c" line 87
func: BH1750_write8
expression: i2c_master_write_to_device(BH1750->i2c_port, BH1750->addr, buffer, 1, portMAX_DELAY)

abort() was called at PC 0x400914e7 on core 0


Backtrace: 0x40081ad2:0x3ffbbab0 0x400914f1:0x3ffbbad0 0x40096cd2:0x3ffbbaf0 0x400914e7:0x3ffbbb60 0x400d827d:0x3ffbbb90 0x400d8291:0x3ffbbbc0 0x400d8180:0x3ffbbbe0 0x400d8201:0x3ffbbc30 0x401705b7:0x3ffbbc50 0x40093c31:0x3ffbbc80




ELF file SHA256: 258678a5010bbf98

Rebooting...
ets Jul 29 2019 12:21:46

rst:0xc (SW_CPU_RESET),boot:0x13 (SPI_FAST_FLASH_BOOT)
configsip: 0, SPIWP:0xee
clk_drv:0x00,q_drv:0x00,d_drv:0x00,cs0_drv:0x00,hd_drv:0x00,wp_drv:0x00
mode:DIO, clock div:2
load:0x3fff0030,len:7084
ho 0 tail 12 room 4
load:0x40078000,len:15584
load:0x40080400,len:4
load:0x40080404,len:3876
entry 0x4008064c
[0;32mI (31) boot: ESP-IDF v5.1.2-dirty 2nd stage bootloader[0m
[0;32mI (31) boot: compile time Jul  8 2024 21:25:35[0m
[0;32mI (31) boot: Multicore bootloader[0m
[0;32mI (36) boot: chip revision: v3.1[0m
[0;32mI (40) boot.esp32: SPI Speed      : 40MHz[0m
[0;32mI (44) boot.esp32: SPI Mode       : DIO[0m
[0;32mI (49) boot.esp32: SPI Flash Size : 4MB[0m
[0;32mI (53) boot: Enabling RNG early entropy source...[0m
[0;32mI (59) boot: Partition Table:[0m
[0;32mI (62) boot: ## Label            Usage          Type ST Offset   Length[0m
[0;32mI (70) boot:  0 nvs              WiFi data        01 02 00009000 00006000[0m
[0;32mI (77) boot:  1 otadata          OTA data         01 00 0000f000 00002000[0m
[0;32mI (85) boot:  2 factory          factory app      00 00 00020000 00220000[0m
[0;32mI (92) boot: End of partition table[0m
[0;32mI (96) boot: Defaulting to factory image[0m
[0;32mI (101) esp_image: segment 0: paddr=00020020 vaddr=3f400020 size=31bb8h (203704) map[0m
[0;32mI (183) esp_image: segment 1: paddr=00051be0 vaddr=3ffbdb60 size=04498h ( 17560) load[0m
[0;32mI (190) esp_image: segment 2: paddr=00056080 vaddr=40080000 size=09f98h ( 40856) load[0m
[0;32mI (207) esp_image: segment 3: paddr=00060020 vaddr=400d0020 size=a0fd4h (659412) map[0m
[0;32mI (446) esp_image: segment 4: paddr=00100ffc vaddr=40089f98 size=0e7e0h ( 59360) load[0m
[0;32mI (483) boot: Loaded app from partition at offset 0x20000[0m
[0;32mI (483) boot: Disabling RNG early entropy source...[0m
[0;32mI (494) cpu_start: Multicore app[0m
[0;32mI (495) cpu_start: Pro cpu up.[0m
[0;32mI (495) cpu_start: Starting app cpu, entry point is 0x40081428[0m
[0;32mI (482) cpu_start: App cpu up.[0m
[0;32mI (513) cpu_start: Pro cpu start user code[0m
[0;32mI (513) cpu_start: cpu freq: 160000000 Hz[0m
[0;32mI (513) cpu_start: Application information:[0m
[0;32mI (518) cpu_start: Project name:     BLE_MESH_Node_BH[0m
[0;32mI (523) cpu_start: App version:      aa62094-dirty[0m
[0;32mI (529) cpu_start: Compile time:     Jul  8 2024 21:25:11[0m
[0;32mI (535) cpu_start: ELF file SHA256:  258678a5010bbf98...[0m
[0;32mI (541) cpu_start: ESP-IDF:          v5.1.2-dirty[0m
[0;32mI (546) cpu_start: Min chip rev:     v0.0[0m
[0;32mI (551) cpu_start: Max chip rev:     v3.99 [0m
[0;32mI (556) cpu_start: Chip rev:         v3.1[0m
[0;32mI (561) heap_init: Initializing. RAM available for dynamic allocation:[0m
[0;32mI (568) heap_init: At 3FFAFF10 len 000000F0 (0 KiB): DRAM[0m
[0;32mI (574) heap_init: At 3FFB6388 len 00001C78 (7 KiB): DRAM[0m
[0;32mI (580) heap_init: At 3FFB9A20 len 00004108 (16 KiB): DRAM[0m
[0;32mI (586) heap_init: At 3FFC97A8 len 00016858 (90 KiB): DRAM[0m
[0;32mI (592) heap_init: At 3FFE0440 len 00003AE0 (14 KiB): D/IRAM[0m
[0;32mI (599) heap_init: At 3FFE4350 len 0001BCB0 (111 KiB): D/IRAM[0m
[0;32mI (605) heap_init: At 40098778 len 00007888 (30 KiB): IRAM[0m
[0;32mI (613) spi_flash: detected chip: generic[0m
[0;32mI (616) spi_flash: flash io: dio[0m
[0;32mI (621) coexist: coex firmware version: b6d5e8c[0m
[0;32mI (626) app_start: Starting scheduler on CPU0[0m
[0;32[0;32mI (630) app_start: Starting scheduler on CPU1[0m
mI (630) main_task: Started on CPU0[0m
[0;32mI (640) main_task: Calling app_main()[0m
[0;32mI (640) MESH-SERVER-MAIN: Initializing...[0m
use esp timer !!!
[0;31mE (640) esp_timer: Task is already initialized[0m
[0;32mI (650) gpio: GPIO[0]| InputEn: 1| OutputEn: 0| OpenDrain: 0| Pullup: 1| Pulldown: 0| Intr:3 [0m
[0;32mI (670) MESH-SERVER-MAIN: Install OK.........[0m
[0;32mI (670) MESH-SERVER-MAIN: INIT OK.........[0m
ESP_ERROR_CHECK failed: esp_err_t 0xffffffff (ESP_FAIL) at 0x400d827d
file: "./main/bh1750.c" line 87
func: BH1750_write8
expression: i2c_master_write_to_device(BH1750->i2c_port, BH1750->addr, buffer, 1, portMAX_DELAY)

abort() was called at PC 0x400914e7 on core 0


Backtrace: 0x40081ad2:0x3ffbbab0 0x400914f1:0x3ffbbad0 0x40096cd2:0x3ffbbaf0 0x400914e7:0x3ffbbb60 0x400d827d:0x3ffbbb90 0x400d8291:0x3ffbbbc0 0x400d8180:0x3ffbbbe0 0x400d8201:0x3ffbbc30 0x401705b7:0x3ffbbc50 0x40093c31:0x3ffbbc80




ELF file SHA256: 258678a5010bbf98

Rebooting...
ets Jul 29 2019 12:21:46

rst:0xc (SW_CPU_RESET),boot:0x13 (SPI_FAST_FLASH_BOOT)
configsip: 0, SPIWP:0xee
clk_drv:0x00,q_drv:0x00,d_drv:0x00,cs0_drv:0x00,hd_drv:0x00,wp_drv:0x00
mode:DIO, clock div:2
load:0x3fff0030,len:7084
ho 0 tail 12 room 4
load:0x40078000,len:15584
load:0x40080400,len:4
load:0x40080404,len:3876
entry 0x4008064c
[0;32mI (31) boot: ESP-IDF v5.1.2-dirty 2nd stage bootloader[0m
[0;32mI (31) boot: compile time Jul  8 2024 21:25:35[0m
[0;32mI (31) boot: Multicore bootloader[0m
[0;32mI (36) boot: chip revision: v3.1[0m
[0;32mI (40) boot.esp32: SPI Speed      : 40MHz[0m
[0;32mI (44) boot.esp32: SPI Mode       : DIO[0m
[0;32mI (49) boot.esp32: SPI Flash Size : 4MB[0m
[0;32mI (53) boot: Enabling RNG early entropy source...[0m
[0;32mI (59) boot: Partition Table:[0m
[0;32mI (62) boot: ## Label            Usage          Type ST Offset   Length[0m
[0;32mI (70) boot:  0 nvs              WiFi data        01 02 00009000 00006000[0m
[0;32mI (77) boot:  1 otadata          OTA data         01 00 0000f000 00002000[0m
[0;32mI (85) boot:  2 factory          factory app      00 00 00020000 00220000[0m
[0;32mI (92) boot: End of partition table[0m
[0;32mI (96) boot: Defaulting to factory image[0m
[0;32mI (101) esp_image: segment 0: paddr=00020020 vaddr=3f400020 size=31bb8h (203704) map[0m
[0;32mI (183) esp_image: segment 1: paddr=00051be0 vaddr=3ffbdb60 size=04498h ( 17560) load[0m
[0;32mI (190) esp_image: segment 2: paddr=00056080 vaddr=40080000 size=09f98h ( 40856) load[0m
[0;32mI (207) esp_image: segment 3: paddr=00060020 vaddr=400d0020 size=a0fd4h (659412) map[0m
[0;32mI (446) esp_image: segment 4: paddr=00100ffc vaddr=40089f98 size=0e7e0h ( 59360) load[0m
[0;32mI (483) boot: Loaded app from partition at offset 0x20000[0m
[0;32mI (483) boot: Disabling RNG early entropy source...[0m
[0;32mI (494) cpu_start: Multicore app[0m
[0;32mI (495) cpu_start: Pro cpu up.[0m
[0;32mI (495) cpu_start: Starting app cpu, entry point is 0x40081428[0m
[0;32mI (482) cpu_start: App cpu up.[0m
[0;32mI (513) cpu_start: Pro cpu start user code[0m
[0;32mI (513) cpu_start: cpu freq: 160000000 Hz[0m
[0;32mI (513) cpu_start: Application information:[0m
[0;32mI (518) cpu_start: Project name:     BLE_MESH_Node_BH[0m
[0;32mI (523) cpu_start: App version:      aa62094-dirty[0m
[0;32mI (529) cpu_start: Compile time:     Jul  8 2024 21:25:11[0m
[0;32mI (535) cpu_start: ELF file SHA256:  258678a5010bbf98...[0m
[0;32mI (541) cpu_start: ESP-IDF:          v5.1.2-dirty[0m
[0;32mI (546) cpu_start: Min chip rev:     v0.0[0m
[0;32mI (551) cpu_start: Max chip rev:     v3.99 [0m
[0;32mI (556) cpu_start: Chip rev:         v3.1[0m
[0;32mI (561) heap_init: Initializing. RAM available for dynamic allocation:[0m
[0;32mI (568) heap_init: At 3FFAFF10 len 000000F0 (0 KiB): DRAM[0m
[0;32mI (574) heap_init: At 3FFB6388 len 00001C78 (7 KiB): DRAM[0m
[0;32mI (580) heap_init: At 3FFB9A20 len 00004108 (16 KiB): DRAM[0m
[0;32mI (586) heap_init: At 3FFC97A8 len 00016858 (90 KiB): DRAM[0m
[0;32mI (592) heap_init: At 3FFE0440 len 00003AE0 (14 KiB): D/IRAM[0m
[0;32mI (599) heap_init: At 3FFE4350 len 0001BCB0 (111 KiB): D/IRAM[0m
[0;32mI (605) heap_init: At 40098778 len 00007888 (30 KiB): IRAM[0m
[0;32mI (613) spi_flash: detected chip: generic[0m
[0;32mI (616) spi_flash: flash io: dio[0m
[0;32mI (621) coexist: coex firmware version: b6d5e8c[0m
[0;32mI (626) app_start: Starting scheduler on CPU0[0m
[0;32[0;32mI (630) app_start: Starting scheduler on CPU1[0m
mI (630) main_task: Started on CPU0[0m
[0;32mI (640) main_task: Calling app_main()[0m
[0;32mI (640) MESH-SERVER-MAIN: Initializing...[0m
use esp timer !!!
[0;31mE (640) esp_timer: Task is already initialized[0m
[0;32mI (650) gpio: GPIO[0]| InputEn: 1| OutputEn: 0| OpenDrain: 0| Pullup: 1| Pulldown: 0| Intr:3 [0m
[0;32mI (670) MESH-SERVER-MAIN: Install OK.........[0m
[0;32mI (670) MESH-SERVER-MAIN: INIT OK.........[0m
ESP_ERROR_CHECK failed: esp_err_t 0xffffffff (ESP_FAIL) at 0x400d827d
file: "./main/bh1750.c" line 87
func: BH1750_write8
expression: i2c_master_write_to_device(BH1750->i2c_port, BH1750->addr, buffer, 1, portMAX_DELAY)

abort() was called at PC 0x400914e7 on core 0


Backtrace: 0x40081ad2:0x3ffbbab0 0x400914f1:0x3ffbbad0 0x40096cd2:0x3ffbbaf0 0x400914e7:0x3ffbbb60 0x400d827d:0x3ffbbb90 0x400d8291:0x3ffbbbc0 0x400d8180:0x3ffbbbe0 0x400d8201:0x3ffbbc30 0x401705b7:0x3ffbbc50 0x40093c31:0x3ffbbc80




ELF file SHA256: 258678a5010bbf98

Rebooting...
ets Jul 29 2019 12:21:46

rst:0xc (SW_CPU_RESET),boot:0x13 (SPI_FAST_FLASH_BOOT)
configsip: 0, SPIWP:0xee
clk_drv:0x00,q_drv:0x00,d_drv:0x00,cs0_drv:0x00,hd_drv:0x00,wp_drv:0x00
mode:DIO, clock div:2
load:0x3fff0030,len:7084
ho 0 tail 12 room 4
load:0x40078000,len:15584
load:0x40080400,len:4
load:0x40080404,len:3876
entry 0x4008064c
[0;32mI (31) boot: ESP-IDF v5.1.2-dirty 2nd stage bootloader[0m
[0;32mI (31) boot: compile time Jul  8 2024 21:25:35[0m
[0;32mI (31) boot: Multicore bootloader[0m
[0;32mI (36) boot: chip revision: v3.1[0m
[0;32mI (40) boot.esp32: SPI Speed      : 40MHz[0m
[0;32mI (44) boot.esp32: SPI Mode       : DIO[0m
[0;32mI (49) boot.esp32: SPI Flash Size : 4MB[0m
[0;32mI (53) boot: Enabling RNG early entropy source...[0m
[0;32mI (59) boot: Partition Table:[0m
[0;32mI (62) boot: ## Label            Usage          Type ST Offset   Length[0m
[0;32mI (70) boot:  0 nvs              WiFi data        01 02 00009000 00006000[0m
[0;32mI (77) boot:  1 otadata          OTA data         01 00 0000f000 00002000[0m
[0;32mI (85) boot:  2 factory          factory app      00 00 00020000 00220000[0m
[0;32mI (92) boot: End of partition table[0m
[0;32mI (96) boot: Defaulting to factory image[0m
[0;32mI (101) esp_image: segment 0: paddr=00020020 vaddr=3f400020 size=31bb8h (203704) map[0m
[0;32mI (183) esp_image: segment 1: paddr=00051be0 vaddr=3ffbdb60 size=04498h ( 17560) load[0m
[0;32mI (190) esp_image: segment 2: paddr=00056080 vaddr=40080000 size=09f98h ( 40856) load[0m
[0;32mI (207) esp_image: segment 3: paddr=00060020 vaddr=400d0020 size=a0fd4h (659412) map[0m
[0;32mI (446) esp_image: segment 4: paddr=00100ffc vaddr=40089f98 size=0e7e0h ( 59360) load[0m
[0;32mI (483) boot: Loaded app from partition at offset 0x20000[0m
[0;32mI (483) boot: Disabling RNG early entropy source...[0m
[0;32mI (494) cpu_start: Multicore app[0m
[0;32mI (495) cpu_start: Pro cpu up.[0m
[0;32mI (495) cpu_start: Starting app cpu, entry point is 0x40081428[0m
[0;32mI (482) cpu_start: App cpu up.[0m
[0;32mI (513) cpu_start: Pro cpu start user code[0m
[0;32mI (513) cpu_start: cpu freq: 160000000 Hz[0m
[0;32mI (513) cpu_start: Application information:[0m
[0;32mI (518) cpu_start: Project name:     BLE_MESH_Node_BH[0m
[0;32mI (523) cpu_start: App version:      aa62094-dirty[0m
[0;32mI (529) cpu_start: Compile time:     Jul  8 2024 21:25:11[0m
[0;32mI (535) cpu_start: ELF file SHA256:  258678a5010bbf98...[0m
[0;32mI (541) cpu_start: ESP-IDF:          v5.1.2-dirty[0m
[0;32mI (546) cpu_start: Min chip rev:     v0.0[0m
[0;32mI (551) cpu_start: Max chip rev:     v3.99 [0m
[0;32mI (556) cpu_start: Chip rev:         v3.1[0m
[0;32mI (561) heap_init: Initializing. RAM available for dynamic allocation:[0m
[0;32mI (568) heap_init: At 3FFAFF10 len 000000F0 (0 KiB): DRAM[0m
[0;32mI (574) heap_init: At 3FFB6388 len 00001C78 (7 KiB): DRAM[0m
[0;32mI (580) heap_init: At 3FFB9A20 len 00004108 (16 KiB): DRAM[0m
[0;32mI (586) heap_init: At 3FFC97A8 len 00016858 (90 KiB): DRAM[0m
[0;32mI (592) heap_init: At 3FFE0440 len 00003AE0 (14 KiB): D/IRAM[0m
[0;32mI (599) heap_init: At 3FFE4350 len 0001BCB0 (111 KiB): D/IRAM[0m
[0;32mI (605) heap_init: At 40098778 len 00007888 (30 KiB): IRAM[0m
[0;32mI (613) spi_flash: detected chip: generic[0m
[0;32mI (616) spi_flash: flash io: dio[0m
[0;32mI (621) coexist: coex firmware version: b6d5e8c[0m
[0;32mI (626) app_start: Starting scheduler on CPU0[0m
[0;32[0;32mI (630) app_start: Starting scheduler on CPU1[0m
mI (630) main_task: Started on CPU0[0m
[0;32mI (640) main_task: Calling app_main()[0m
[0;32mI (640) MESH-SERVER-MAIN: Initializing...[0m
use esp timer !!!
[0;31mE (640) esp_timer: Task is already initialized[0m
[0;32mI (650) gpio: GPIO[0]| InputEn: 1| OutputEn: 0| OpenDrain: 0| Pullup: 1| Pulldown: 0| Intr:3 [0m
[0;32mI (670) MESH-SERVER-MAIN: Install OK.........[0m
[0;32mI (670) MESH-SERVER-MAIN: INIT OK.........[0m
ESP_ERROR_CHECK failed: esp_err_t 0xffffffff (ESP_FAIL) at 0x400d827d
file: "./main/bh1750.c" line 87
func: BH1750_write8
expression: i2c_master_write_to_device(BH1750->i2c_port, BH1750->addr, buffer, 1, portMAX_DELAY)

abort() was called at PC 0x400914e7 on core 0


Backtrace: 0x40081ad2:0x3ffbbab0 0x400914f1:0x3ffbbad0 0x40096cd2:0x3ffbbaf0 0x400914e7:0x3ffbbb60 0x400d827d:0x3ffbbb90 0x400d8291:0x3ffbbbc0 0x400d8180:0x3ffbbbe0 0x400d8201:0x3ffbbc30 0x401705b7:0x3ffbbc50 0x40093c31:0x3ffbbc80




ELF file SHA256: 258678a5010bbf98

Rebooting...
ets Jul 29 2019 12:21:46

rst:0xc (SW_CPU_RESET),boot:0x13 (SPI_FAST_FLASH_BOOT)
configsip: 0, SPIWP:0xee
clk_drv:0x00,q_drv:0x00,d_drv:0x00,cs0_drv:0x00,hd_drv:0x00,wp_drv:0x00
mode:DIO, clock div:2
load:0x3fff0030,len:7084
ho 0 tail 12 room 4
load:0x40078000,len:15584
load:0x40080400,len:4
load:0x40080404,len:3876
entry 0x4008064c
[0;32mI (31) boot: ESP-IDF v5.1.2-dirty 2nd stage bootloader[0m
[0;32mI (31) boot: compile time Jul  8 2024 21:25:35[0m
[0;32mI (31) boot: Multicore bootloader[0m
[0;32mI (36) boot: chip revision: v3.1[0m
[0;32mI (40) boot.esp32: SPI Speed      : 40MHz[0m
[0;32mI (44) boot.esp32: SPI Mode       : DIO[0m
[0;32mI (49) boot.esp32: SPI Flash Size : 4MB[0m
[0;32mI (53) boot: Enabling RNG early entropy source...[0m
[0;32mI (59) boot: Partition Table:[0m
[0;32mI (62) boot: ## Label            Usage          Type ST Offset   Length[0m
[0;32mI (70) boot:  0 nvs              WiFi data        01 02 00009000 00006000[0m
[0;32mI (77) boot:  1 otadata          OTA data         01 00 0000f000 00002000[0m
[0;32mI (85) boot:  2 factory          factory app      00 00 00020000 00220000[0m
[0;32mI (92) boot: End of partition table[0m
[0;32mI (96) boot: Defaulting to factory image[0m
[0;32mI (101) esp_image: segment 0: paddr=00020020 vaddr=3f400020 size=31bb8h (203704) map[0m
[0;32mI (183) esp_image: segment 1: paddr=00051be0 vaddr=3ffbdb60 size=04498h ( 17560) load[0m
[0;32mI (190) esp_image: segment 2: paddr=00056080 vaddr=40080000 size=09f98h ( 40856) load[0m
[0;32mI (207) esp_image: segment 3: paddr=00060020 vaddr=400d0020 size=a0fd4h (659412) map[0m
ets Jul 29 2019 12:21:46

rst:0x1 (POWERON_RESET),boot:0x13 (SPI_FAST_FLASH_BOOT)
configsip: 0, SPIWP:0xee
clk_drv:0x00,q_drv:0x00,d_drv:0x00,cs0_drv:0x00,hd_drv:0x00,wp_drv:0x00
mode:DIO, clock div:2
load:0x3fff0030,len:7084
ho 0 tail 12 room 4
load:0x40078000,len:15584
load:0x40080400,len:4
load:0x40080404,len:3876
entry 0x4008064c
[0;32mI (31) boot: ESP-IDF v5.1.2-dirty 2nd stage bootloader[0m
[0;32mI (31) boot: compile time Jul  8 2024 21:25:35[0m
[0;32mI (31) boot: Multicore bootloader[0m
[0;32mI (36) boot: chip revision: v3.1[0m
[0;32mI (40) boot.esp32: SPI Speed      : 40MHz[0m
[0;32mI (44) boot.esp32: SPI Mode       : DIO[0m
[0;32mI (49) boot.esp32: SPI Flash Size : 4MB[0m
[0;32mI (53) boot: Enabling RNG early entropy source...[0m
[0;32mI (59) boot: Partition Table:[0m
[0;32mI (62) boot: ## Label            Usage          Type ST Offset   Length[0m
[0;32mI (70) boot:  0 nvs              WiFi data        01 02 00009000 00006000[0m
[0;32mI (77) boot:  1 otadata          OTA data         01 00 0000f000 00002000[0m
[0;32mI (85) boot:  2 factory          factory app      00 00 00020000 00220000[0m
[0;32mI (92) boot: End of partition table[0m
[0;32mI (96) boot: Defaulting to factory image[0m
[0;32mI (101) esp_image: segment 0: paddr=00020020 vaddr=3f400020 size=31bb8h (203704) map[0m
[0;32mI (183) esp_image: segment 1: paddr=00051be0 vaddr=3ffbdb60 size=04498h ( 17560) load[0m
[0;32mI (190) esp_image: segment 2: paddr=00056080 vaddr=40080000 size=09f98h ( 40856) load[0m
[0;32mI (207) esp_image: segment 3: paddr=00060020 vaddr=400d0020 size=a0fd4h (659412) map[0m
[0;32mI (446) esp_image: segment 4: paddr=00100ffc vaddr=40089f98 size=0e7e0h ( 59360) load[0m
[0;32mI (483) boot: Loaded app from partition at offset 0x20000[0m
[0;32mI (483) boot: Disabling RNG early entropy source...[0m
[0;32mI (495) cpu_start: Multicore app[0m
[0;32mI (495) cpu_start: Pro cpu up.[0m
[0;32mI (495) cpu_start: Starting app cpu, entry point is 0x40081428[0m
[0;32mI (0) cpu_start: App cpu up.[0m
[0;32mI (513) cpu_start: Pro cpu start user code[0m
[0;32mI (513) cpu_start: cpu freq: 160000000 Hz[0m
[0;32mI (513) cpu_start: Application information:[0m
[0;32mI (518) cpu_start: Project name:     BLE_MESH_Node_BH[0m
[0;32mI (523) cpu_start: App version:      aa62094-dirty[0m
[0;32mI (529) cpu_start: Compile time:     Jul  8 2024 21:25:11[0m
[0;32mI (535) cpu_start: ELF file SHA256:  258678a5010bbf98...[0m
[0;32mI (541) cpu_start: ESP-IDF:          v5.1.2-dirty[0m
[0;32mI (546) cpu_start: Min chip rev:     v0.0[0m
[0;32mI (551) cpu_start: Max chip rev:     v3.99 [0m
[0;32mI (556) cpu_start: Chip rev:         v3.1[0m
[0;32mI (561) heap_init: Initializing. RAM available for dynamic allocation:[0m
[0;32mI (568) heap_init: At 3FFAFF10 len 000000F0 (0 KiB): DRAM[0m
[0;32mI (574) heap_init: At 3FFB6388 len 00001C78 (7 KiB): DRAM[0m
[0;32mI (580) heap_init: At 3FFB9A20 len 00004108 (16 KiB): DRAM[0m
[0;32mI (586) heap_init: At 3FFC97A8 len 00016858 (90 KiB): DRAM[0m
[0;32mI (592) heap_init: At 3FFE0440 len 00003AE0 (14 KiB): D/IRAM[0m
[0;32mI (598) heap_init: At 3FFE4350 len 0001BCB0 (111 KiB): D/IRAM[0m
[0;32mI (605) heap_init: At 40098778 len 00007888 (30 KiB): IRAM[0m
[0;32mI (613) spi_flash: detected chip: generic[0m
[0;32mI (616) spi_flash: flash io: dio[0m
[0;32mI (621) coexist: coex firmware version: b6d5e8c[0m
[0;32mI (626) app_start: Starting scheduler on CPU0[0m
[0;32[0;32mI (630) app_start: Starting scheduler on CPU1[0m
mI (630) main_task: Started on CPU0[0m
[0;32mI (640) main_task: Calling app_main()[0m
[0;32mI (640) MESH-SERVER-MAIN: Initializing...[0m
use esp timer !!!
[0;31mE (640) esp_timer: Task is already initialized[0m
[0;32mI (650) gpio: GPIO[0]| InputEn: 1| OutputEn: 0| OpenDrain: 0| Pullup: 1| Pulldown: 0| Intr:3 [0m
[0;32mI (670) MESH-SERVER-MAIN: Install OK.........[0m
[0;32mI (670) MESH-SERVER-MAIN: INIT OK.........[0m
ESP_ERROR_CHECK failed: esp_err_t 0xffffffff (ESP_FAIL) at 0x400d827d
file: "./main/bh1750.c" line 87
func: BH1750_write8
expression: i2c_master_write_to_device(BH1750->i2c_port, BH1750->addr, buffer, 1, portMAX_DELAY)

abort() was called at PC 0x400914e7 on core 0


Backtrace: 0x40081ad2:0x3ffbbab0 0x400914f1:0x3ffbbad0 0x40096cd2:0x3ffbbaf0 0x400914e7:0x3ffbbb60 0x400d827d:0x3ffbbb90 0x400d8291:0x3ffbbbc0 0x400d8180:0x3ffbbbe0 0x400d8201:0x3ffbbc30 0x401705b7:0x3ffbbc50 0x40093c31:0x3ffbbc80




ELF file SHA256: 258678a5010bbf98

Rebooting...
ets Jul 29 2019 12:21:46

rst:0xc (SW_CPU_RESET),boot:0x13 (SPI_FAST_FLASH_BOOT)
configsip: 0, SPIWP:0xee
clk_drv:0x00,q_drv:0x00,d_drv:0x00,cs0_drv:0x00,hd_drv:0x00,wp_drv:0x00
mode:DIO, clock div:2
load:0x3fff0030,len:7084
ho 0 tail 12 room 4
load:0x40078000,len:15584
load:0x40080400,len:4
load:0x40080404,len:3876
entry 0x4008064c
[0;32mI (31) boot: ESP-IDF v5.1.2-dirty 2nd stage bootloader[0m
[0;32mI (31) boot: compile time Jul  8 2024 21:25:35[0m
[0;32mI (31) boot: Multicore bootloader[0m
[0;32mI (36) boot: chip revision: v3.1[0m
[0;32mI (40) boot.esp32: SPI Speed      : 40MHz[0m
[0;32mI (44) boot.esp32: SPI Mode       : DIO[0m
[0;32mI (49) boot.esp32: SPI Flash Size : 4MB[0m
[0;32mI (53) boot: Enabling RNG early entropy source...[0m
[0;32mI (59) boot: Partition Table:[0m
[0;32mI (62) boot: ## Label            Usage          Type ST Offset   Length[0m
[0;32mI (70) boot:  0 nvs              WiFi data        01 02 00009000 00006000[0m
[0;32mI (77) boot:  1 otadata          OTA data         01 00 0000f000 00002000[0m
[0;32mI (85) boot:  2 factory          factory app      00 00 00020000 00220000[0m
[0;32mI (92) boot: End of partition table[0m
[0;32mI (96) boot: Defaulting to factory image[0m
[0;32mI (101) esp_image: segment 0: paddr=00020020 vaddr=3f400020 size=31bb8h (203704) map[0m
[0;32mI (183) esp_image: segment 1: paddr=00051be0 vaddr=3ffbdb60 size=04498h ( 17560) load[0m
[0;32mI (190) esp_image: segment 2: paddr=00056080 vaddr=40080000 size=09f98h ( 40856) load[0m
[0;32mI (207) esp_image: segment 3: paddr=00060020 vaddr=400d0020 size=a0fd4h (659412) map[0m
[0;32mI (446) esp_image: segment 4: paddr=00100ffc vaddr=40089f98 size=0e7e0h ( 59360) load[0m
[0;32mI (483) boot: Loaded app from partition at offset 0x20000[0m
[0;32mI (483) boot: Disabling RNG early entropy source...[0m
[0;32mI (494) cpu_start: Multicore app[0m
[0;32mI (495) cpu_start: Pro cpu up.[0m
[0;32mI (495) cpu_start: Starting app cpu, entry point is 0x40081428[0m
[0;32mI (482) cpu_start: App cpu up.[0m
[0;32mI (513) cpu_start: Pro cpu start user code[0m
[0;32mI (513) cpu_start: cpu freq: 160000000 Hz[0m
[0;32mI (513) cpu_start: Application information:[0m
[0;32mI (518) cpu_start: Project name:     BLE_MESH_Node_BH[0m
[0;32mI (523) cpu_start: App version:      aa62094-dirty[0m
[0;32mI (529) cpu_start: Compile time:     Jul  8 2024 21:25:11[0m
[0;32mI (535) cpu_start: ELF file SHA256:  258678a5010bbf98...[0m
[0;32mI (541) cpu_start: ESP-IDF:          v5.1.2-dirty[0m
[0;32mI (546) cpu_start: Min chip rev:     v0.0[0m
[0;32mI (551) cpu_start: Max chip rev:     v3.99 [0m
[0;32mI (556) cpu_start: Chip rev:         v3.1[0m
[0;32mI (561) heap_init: Initializing. RAM available for dynamic allocation:[0m
[0;32mI (568) heap_init: At 3FFAFF10 len 000000F0 (0 KiB): DRAM[0m
[0;32mI (574) heap_init: At 3FFB6388 len 00001C78 (7 KiB): DRAM[0m
[0;32mI (580) heap_init: At 3FFB9A20 len 00004108 (16 KiB): DRAM[0m
[0;32mI (586) heap_init: At 3FFC97A8 len 00016858 (90 KiB): DRAM[0m
[0;32mI (592) heap_init: At 3FFE0440 len 00003AE0 (14 KiB): D/IRAM[0m
[0;32mI (599) heap_init: At 3FFE4350 len 0001BCB0 (111 KiB): D/IRAM[0m
[0;32mI (605) heap_init: At 40098778 len 00007888 (30 KiB): IRAM[0m
[0;32mI (613) spi_flash: detected chip: generic[0m
[0;32mI (616) spi_flash: flash io: dio[0m
[0;32mI (621) coexist: coex firmware version: b6d5e8c[0m
[0;32mI (626) app_start: Starting scheduler on CPU0[0m
[0;32[0;32mI (630) app_start: Starting scheduler on CPU1[0m
mI (630) main_task: Started on CPU0[0m
[0;32mI (640) main_task: Calling app_main()[0m
[0;32mI (640) MESH-SERVER-MAIN: Initializing...[0m
use esp timer !!!
[0;31mE (640) esp_timer: Task is already initialized[0m
[0;32mI (650) gpio: GPIO[0]| InputEn: 1| OutputEn: 0| OpenDrain: 0| Pullup: 1| Pulldown: 0| Intr:3 [0m
[0;32mI (670) MESH-SERVER-MAIN: Install OK.........[0m
[0;32mI (670) MESH-SERVER-MAIN: INIT OK.........[0m
ESP_ERROR_CHECK failed: esp_err_t 0xffffffff (ESP_FAIL) at 0x400d827d
file: "./main/bh1750.c" line 87
func: BH1750_write8
expression: i2c_master_write_to_device(BH1750->i2c_port, BH1750->addr, buffer, 1, portMAX_DELAY)

abort() was called at PC 0x400914e7 on core 0


Backtrace: 0x40081ad2:0x3ffbbab0 0x400914f1:0x3ffbbad0 0x40096cd2:0x3ffbbaf0 0x400914e7:0x3ffbbb60 0x400d827d:0x3ffbbb90 0x400d8291:0x3ffbbbc0 0x400d8180:0x3ffbbbe0 0x400d8201:0x3ffbbc30 0x401705b7:0x3ffbbc50 0x40093c31:0x3ffbbc80




ELF file SHA256: 258678a5010bbf98

Rebooting...
ets Jul 29 2019 12:21:46

rst:0xc (SW_CPU_RESET),boot:0x13 (SPI_FAST_FLASH_BOOT)
configsip: 0, SPIWP:0xee
clk_drv:0x00,q_drv:0x00,d_drv:0x00,cs0_drv:0x00,hd_drv:0x00,wp_drv:0x00
mode:DIO, clock div:2
load:0x3fff0030,len:7084
ho 0 tail 12 room 4
load:0x40078000,len:15584
load:0x40080400,len:4
load:0x40080404,len:3876
entry 0x4008064c
[0;32mI (31) boot: ESP-IDF v5.1.2-dirty 2nd stage bootloader[0m
[0;32mI (31) boot: compile time Jul  8 2024 21:25:35[0m
[0;32mI (31) boot: Multicore bootloader[0m
[0;32mI (36) boot: chip revision: v3.1[0m
[0;32mI (40) boot.esp32: SPI Speed      : 40MHz[0m
[0;32mI (44) boot.esp32: SPI Mode       : DIO[0m
[0;32mI (49) boot.esp32: SPI Flash Size : 4MB[0m
[0;32mI (53) boot: Enabling RNG early entropy source...[0m
[0;32mI (59) boot: Partition Table:[0m
[0;32mI (62) boot: ## Label            Usage          Type ST Offset   Length[0m
[0;32mI (70) boot:  0 nvs              WiFi data        01 02 00009000 00006000[0m
[0;32mI (77) boot:  1 otadata          OTA data         01 00 0000f000 00002000[0m
[0;32mI (85) boot:  2 factory          factory app      00 00 00020000 00220000[0m
[0;32mI (92) boot: End of partition table[0m
[0;32mI (96) boot: Defaulting to factory image[0m
[0;32mI (101) esp_image: segment 0: paddr=00020020 vaddr=3f400020 size=31bb8h (203704) map[0m
[0;32mI (183) esp_image: segment 1: paddr=00051be0 vaddr=3ffbdb60 size=04498h ( 17560) load[0m
[0;32mI (190) esp_image: segment 2: paddr=00056080 vaddr=40080000 size=09f98h ( 40856) load[0m
[0;32mI (207) esp_image: segment 3: paddr=00060020 vaddr=400d0020 size=a0fd4h (659412) map[0m
[0;32mI (446) esp_image: segment 4: paddr=00100ffc vaddr=40089f98 size=0e7e0h ( 59360) load[0m
[0;32mI (483) boot: Loaded app from partition at offset 0x20000[0m
[0;32mI (483) boot: Disabling RNG early entropy source...[0m
[0;32mI (494) cpu_start: Multicore app[0m
[0;32mI (495) cpu_start: Pro cpu up.[0m
[0;32mI (495) cpu_start: Starting app cpu, entry point is 0x40081428[0m
[0;32mI (482) cpu_start: App cpu up.[0m
[0;32mI (513) cpu_start: Pro cpu start user code[0m
[0;32mI (513) cpu_start: cpu freq: 160000000 Hz[0m
[0;32mI (513) cpu_start: Application information:[0m
[0;32mI (518) cpu_start: Project name:     BLE_MESH_Node_BH[0m
[0;32mI (523) cpu_start: App version:      aa62094-dirty[0m
[0;32mI (529) cpu_start: Compile time:     Jul  8 2024 21:25:11[0m
[0;32mI (535) cpu_start: ELF file SHA256:  258678a5010bbf98...[0m
[0;32mI (541) cpu_start: ESP-IDF:          v5.1.2-dirty[0m
[0;32mI (546) cpu_start: Min chip rev:     v0.0[0m
[0;32mI (551) cpu_start: Max chip rev:     v3.99 [0m
[0;32mI (556) cpu_start: Chip rev:         v3.1[0m
[0;32mI (561) heap_init: Initializing. RAM available for dynamic allocation:[0m
[0;32mI (568) heap_init: At 3FFAFF10 len 000000F0 (0 KiB): DRAM[0m
[0;32mI (574) heap_init: At 3FFB6388 len 00001C78 (7 KiB): DRAM[0m
[0;32mI (580) heap_init: At 3FFB9A20 len 00004108 (16 KiB): DRAM[0m
[0;32mI (586) heap_init: At 3FFC97A8 len 00016858 (90 KiB): DRAM[0m
[0;32mI (592) heap_init: At 3FFE0440 len 00003AE0 (14 KiB): D/IRAM[0m
[0;32mI (599) heap_init: At 3FFE4350 len 0001BCB0 (111 KiB): D/IRAM[0m
[0;32mI (605) heap_init: At 40098778 len 00007888 (30 KiB): IRAM[0m
[0;32mI (613) spi_flash: detected chip: generic[0m
[0;32mI (616) spi_flash: flash io: dio[0m
[0;32mI (621) coexist: coex firmware version: b6d5e8c[0m
[0;32mI (626) app_start: Starting scheduler on CPU0[0m
[0;32[0;32mI (630) app_start: Starting scheduler on CPU1[0m
mI (630) main_task: Started on CPU0[0m
[0;32mI (640) main_task: Calling app_main()[0m
[0;32mI (640) MESH-SERVER-MAIN: Initializing...[0m
use esp timer !!!
[0;31mE (640) esp_timer: Task is already initialized[0m
[0;32mI (650) gpio: GPIO[0]| InputEn: 1| OutputEn: 0| OpenDrain: 0| Pullup: 1| Pulldown: 0| Intr:3 [0m
[0;32mI (670) MESH-SERVER-MAIN: Install OK.........[0m
[0;32mI (670) MESH-SERVER-MAIN: INIT OK.........[0m
ESP_ERROR_CHECK failed: esp_err_t 0xffffffff (ESP_FAIL) at 0x400d827d
file: "./main/bh1750.c" line 87
func: BH1750_write8
expression: i2c_master_write_to_device(BH1750->i2c_port, BH1750->addr, buffer, 1, portMAX_DELAY)

abort() was called at PC 0x400914e7 on core 0


Backtrace: 0x40081ad2:0x3ffbbab0 0x400914f1:0x3ffbbad0 0x40096cd2:0x3ffbbaf0 0x400914e7:0x3ffbbb60 0x400d827d:0x3ffbbb90 0x400d8291:0x3ffbbbc0 0x400d8180:0x3ffbbbe0 0x400d8201:0x3ffbbc30 0x401705b7:0x3ffbbc50 0x40093c31:0x3ffbbc80




ELF file SHA256: 258678a5010bbf98

Rebooting...
ets Jul 29 2019 12:21:46

rst:0xc (SW_CPU_RESET),boot:0x13 (SPI_FAST_FLASH_BOOT)
configsip: 0, SPIWP:0xee
clk_drv:0x00,q_drv:0x00,d_drv:0x00,cs0_drv:0x00,hd_drv:0x00,wp_drv:0x00
mode:DIO, clock div:2
load:0x3fff0030,len:7084
ho 0 tail 12 room 4
load:0x40078000,len:15584
load:0x40080400,len:4
load:0x40080404,len:3876
entry 0x4008064c
[0;32mI (31) boot: ESP-IDF v5.1.2-dirty 2nd stage bootloader[0m
[0;32mI (31) boot: compile time Jul  8 2024 21:25:35[0m
[0;32mI (31) boot: Multicore bootloader[0m
[0;32mI (36) boot: chip revision: v3.1[0m
[0;32mI (40) boot.esp32: SPI Speed      : 40MHz[0m
[0;32mI (44) boot.esp32: SPI Mode       : DIO[0m
[0;32mI (49) boot.esp32: SPI Flash Size : 4MB[0m
[0;32mI (53) boot: Enabling RNG early entropy source...[0m
[0;32mI (59) boot: Partition Table:[0m
[0;32mI (62) boot: ## Label            Usage          Type ST Offset   Length[0m
[0;32mI (70) boot:  0 nvs              WiFi data        01 02 00009000 00006000[0m
[0;32mI (77) boot:  1 otadata          OTA data         01 00 0000f000 00002000[0m
[0;32mI (85) boot:  2 factory          factory app      00 00 00020000 00220000[0m
[0;32mI (92) boot: End of partition table[0m
[0;32mI (96) boot: Defaulting to factory image[0m
[0;32mI (101) esp_image: segment 0: paddr=00020020 vaddr=3f400020 size=31bb8h (203704) map[0m
[0;32mI (183) esp_image: segment 1: paddr=00051be0 vaddr=3ffbdb60 size=04498h ( 17560) load[0m
[0;32mI (190) esp_image: segment 2: paddr=00056080 vaddr=40080000 size=09f98h ( 40856) load[0m
[0;32mI (207) esp_image: segment 3: paddr=00060020 vaddr=400d0020 size=a0fd4h (659412) map[0m
[0;32mI (446) esp_image: segment 4: paddr=00100ffc vaddr=40089f98 size=0e7e0h ( 59360) load[0m
[0;32mI (483) boot: Loaded app from partition at offset 0x20000[0m
[0;32mI (483) boot: Disabling RNG early entropy source...[0m
[0;32mI (494) cpu_start: Multicore app[0m
[0;32mI (495) cpu_start: Pro cpu up.[0m
[0;32mI (495) cpu_start: Starting app cpu, entry point is 0x40081428[0m
[0;32mI (482) cpu_start: App cpu up.[0m
[0;32mI (513) cpu_start: Pro cpu start user code[0m
[0;32mI (513) cpu_start: cpu freq: 160000000 Hz[0m
[0;32mI (513) cpu_start: Application information:[0m
[0;32mI (518) cpu_start: Project name:     BLE_MESH_Node_BH[0m
[0;32mI (523) cpu_start: App version:      aa62094-dirty[0m
[0;32mI (529) cpu_start: Compile time:     Jul  8 2024 21:25:11[0m
[0;32mI (535) cpu_start: ELF file SHA256:  258678a5010bbf98...[0m
[0;32mI (541) cpu_start: ESP-IDF:          v5.1.2-dirty[0m
[0;32mI (546) cpu_start: Min chip rev:     v0.0[0m
[0;32mI (551) cpu_start: Max chip rev:     v3.99 [0m
[0;32mI (556) cpu_start: Chip rev:         v3.1[0m
[0;32mI (561) heap_init: Initializing. RAM available for dynamic allocation:[0m
[0;32mI (568) heap_init: At 3FFAFF10 len 000000F0 (0 KiB): DRAM[0m
[0;32mI (574) heap_init: At 3FFB6388 len 00001C78 (7 KiB): DRAM[0m
[0;32mI (580) heap_init: At 3FFB9A20 len 00004108 (16 KiB): DRAM[0m
[0;32mI (586) heap_init: At 3FFC97A8 len 00016858 (90 KiB): DRAM[0m
[0;32mI (592) heap_init: At 3FFE0440 len 00003AE0 (14 KiB): D/IRAM[0m
[0;32mI (599) heap_init: At 3FFE4350 len 0001BCB0 (111 KiB): D/IRAM[0m
[0;32mI (605) heap_init: At 40098778 len 00007888 (30 KiB): IRAM[0m
[0;32mI (613) spi_flash: detected chip: generic[0m
[0;32mI (616) spi_flash: flash io: dio[0m
[0;32mI (621) coexist: coex firmware version: b6d5e8c[0m
[0;32mI (626) app_start: Starting scheduler on CPU0[0m
[0;32[0;32mI (630) app_start: Starting scheduler on CPU1[0m
mI (630) main_task: Started on CPU0[0m
[0;32mI (640) main_task: Calling app_main()[0m
[0;32mI (640) MESH-SERVER-MAIN: Initializing...[0m
use esp timer !!!
[0;31mE (640) esp_timer: Task is already initialized[0m
[0;32mI (650) gpio: GPIO[0]| InputEn: 1| OutputEn: 0| OpenDrain: 0| Pullup: 1| Pulldown: 0| Intr:3 [0m
[0;32mI (670) MESH-SERVER-MAIN: Install OK.........[0m
[0;32mI (670) MESH-SERVER-MAIN: INIT OK.........[0m
ESP_ERROR_CHECK failed: esp_err_t 0xffffffff (ESP_FAIL) at 0x400d827d
file: "./main/bh1750.c" line 87
func: BH1750_write8
expression: i2c_master_write_to_device(BH1750->i2c_port, BH1750->addr, buffer, 1, portMAX_DELAY)

abort() was called at PC 0x400914e7 on core 0


Backtrace: 0x40081ad2:0x3ffbbab0 0x400914f1:0x3ffbbad0 0x40096cd2:0x3ffbbaf0 0x400914e7:0x3ffbbb60 0x400d827d:0x3ffbbb90 0x400d8291:0x3ffbbbc0 0x400d8180:0x3ffbbbe0 0x400d8201:0x3ffbbc30 0x401705b7:0x3ffbbc50 0x40093c31:0x3ffbbc80




ELF file SHA256: 258678a5010bbf98

Rebooting...
ets Jul 29 2019 12:21:46

rst:0xc (SW_CPU_RESET),boot:0x13 (SPI_FAST_FLASH_BOOT)
configsip: 0, SPIWP:0xee
clk_drv:0x00,q_drv:0x00,d_drv:0x00,cs0_drv:0x00,hd_drv:0x00,wp_drv:0x00
mode:DIO, clock div:2
load:0x3fff0030,len:7084
ho 0 tail 12 room 4
load:0x40078000,len:15584
load:0x40080400,len:4
load:0x40080404,len:3876
entry 0x4008064c
[0;32mI (31) boot: ESP-IDF v5.1.2-dirty 2nd stage bootloader[0m
[0;32mI (31) boot: compile time Jul  8 2024 21:25:35[0m
[0;32mI (31) boot: Multicore bootloader[0m
[0;32mI (36) boot: chip revision: v3.1[0m
[0;32mI (40) boot.esp32: SPI Speed      : 40MHz[0m
[0;32mI (44) boot.esp32: SPI Mode       : DIO[0m
[0;32mI (49) boot.esp32: SPI Flash Size : 4MB[0m
[0;32mI (53) boot: Enabling RNG early entropy source...[0m
[0;32mI (59) boot: Partition Table:[0m
[0;32mI (62) boot: ## Label            Usage          Type ST Offset   Length[0m
[0;32mI (70) boot:  0 nvs              WiFi data        01 02 00009000 00006000[0m
[0;32mI (77) boot:  1 otadata          OTA data         01 00 0000f000 00002000[0m
[0;32mI (85) boot:  2 factory          factory app      00 00 00020000 00220000[0m
[0;32mI (92) boot: End of partition table[0m
[0;32mI (96) boot: Defaulting to factory image[0m
[0;32mI (101) esp_image: segment 0: paddr=00020020 vaddr=3f400020 size=31bb8h (203704) map[0m
[0;32mI (183) esp_image: segment 1: paddr=00051be0 vaddr=3ffbdb60 size=04498h ( 17560) load[0m
[0;32mI (190) esp_image: segment 2: paddr=00056080 vaddr=40080000 size=09f98h ( 40856) load[0m
[0;32mI (207) esp_image: segment 3: paddr=00060020 vaddr=400d0020 size=a0fd4h (659412) map[0m
[0;32mI (446) esp_image: segment 4: paddr=00100ffc vaddr=40089f98 size=0e7e0h ( 59360) load[0m
[0;32mI (483) boot: Loaded app from partition at offset 0x20000[0m
[0;32mI (483) boot: Disabling RNG early entropy source...[0m
[0;32mI (494) cpu_start: Multicore app[0m
[0;32mI (495) cpu_start: Pro cpu up.[0m
[0;32mI (495) cpu_start: Starting app cpu, entry point is 0x40081428[0m
[0;32mI (482) cpu_start: App cpu up.[0m
[0;32mI (513) cpu_start: Pro cpu start user code[0m
[0;32mI (513) cpu_start: cpu freq: 160000000 Hz[0m
[0;32mI (513) cpu_start: Application information:[0m
[0;32mI (518) cpu_start: Project name:     BLE_MESH_Node_BH[0m
[0;32mI (523) cpu_start: App version:      aa62094-dirty[0m
[0;32mI (529) cpu_start: Compile time:     Jul  8 2024 21:25:11[0m
[0;32mI (535) cpu_start: ELF file SHA256:  258678a5010bbf98...[0m
[0;32mI (541) cpu_start: ESP-IDF:          v5.1.2-dirty[0m
[0;32mI (546) cpu_start: Min chip rev:     v0.0[0m
[0;32mI (551) cpu_start: Max chip rev:     v3.99 [0m
[0;32mI (556) cpu_start: Chip rev:         v3.1[0m
[0;32mI (561) heap_init: Initializing. RAM available for dynamic allocation:[0m
[0;32mI (568) heap_init: At 3FFAFF10 len 000000F0 (0 KiB): DRAM[0m
[0;32mI (574) heap_init: At 3FFB6388 len 00001C78 (7 KiB): DRAM[0m
[0;32mI (580) heap_init: At 3FFB9A20 len 00004108 (16 KiB): DRAM[0m
[0;32mI (586) heap_init: At 3FFC97A8 len 00016858 (90 KiB): DRAM[0m
[0;32mI (592) heap_init: At 3FFE0440 len 00003AE0 (14 KiB): D/IRAM[0m
[0;32mI (599) heap_init: At 3FFE4350 len 0001BCB0 (111 KiB): D/IRAM[0m
[0;32mI (605) heap_init: At 40098778 len 00007888 (30 KiB): IRAM[0m
[0;32mI (613) spi_flash: detected chip: generic[0m
[0;32mI (616) spi_flash: flash io: dio[0m
[0;32mI (621) coexist: coex firmware version: b6d5e8c[0m
[0;32mI (626) app_start: Starting scheduler on CPU0[0m
[0;32[0;32mI (630) app_start: Starting scheduler on CPU1[0m
mI (630) main_task: Started on CPU0[0m
[0;32mI (640) main_task: Calling app_main()[0m
[0;32mI (640) MESH-SERVER-MAIN: Initializing...[0m
use esp timer !!!
[0;31mE (640) esp_timer: Task is already initialized[0m
[0;32mI (650) gpio: GPIO[0]| InputEn: 1| OutputEn: 0| OpenDrain: 0| Pullup: 1| Pulldown: 0| Intr:3 [0m
[0;32mI (670) MESH-SERVER-MAIN: Install OK.........[0m
[0;32mI (670) MESH-SERVER-MAIN: INIT OK.........[0m
ESP_ERROR_CHECK failed: esp_err_t 0xffffffff (ESP_FAIL) at 0x400d827d
file: "./main/bh1750.c" line 87
func: BH1750_write8
expression: i2c_master_write_to_device(BH1750->i2c_port, BH1750->addr, buffer, 1, portMAX_DELAY)

abort() was called at PC 0x400914e7 on core 0


Backtrace: 0x40081ad2:0x3ffbbab0 0x400914f1:0x3ffbbad0 0x40096cd2:0x3ffbbaf0 0x400914e7:0x3ffbbb60 0x400d827d:0x3ffbbb90 0x400d8291:0x3ffbbbc0 0x400d8180:0x3ffbbbe0 0x400d8201:0x3ffbbc30 0x401705b7:0x3ffbbc50 0x40093c31:0x3ffbbc80




ELF file SHA256: 258678a5010bbf98

Rebooting...
ets Jul 29 2019 12:21:46

rst:0xc (SW_CPU_RESET),boot:0x13 (SPI_FAST_FLASH_BOOT)
configsip: 0, SPIWP:0xee
clk_drv:0x00,q_drv:0x00,d_drv:0x00,cs0_drv:0x00,hd_drv:0x00,wp_drv:0x00
mode:DIO, clock div:2
load:0x3fff0030,len:7084
ho 0 tail 12 room 4
load:0x40078000,len:15584
load:0x40080400,len:4
load:0x40080404,len:3876
entry 0x4008064c
[0;32mI (31) boot: ESP-IDF v5.1.2-dirty 2nd stage bootloader[0m
[0;32mI (31) boot: compile time Jul  8 2024 21:25:35[0m
[0;32mI (31) boot: Multicore bootloader[0m
[0;32mI (36) boot: chip revision: v3.1[0m
[0;32mI (40) boot.esp32: SPI Speed      : 40MHz[0m
[0;32mI (44) boot.esp32: SPI Mode       : DIO[0m
[0;32mI (49) boot.esp32: SPI Flash Size : 4MB[0m
[0;32mI (53) boot: Enabling RNG early entropy source...[0m
[0;32mI (59) boot: Partition Table:[0m
[0;32mI (62) boot: ## Label            Usage          Type ST Offset   Length[0m
[0;32mI (70) boot:  0 nvs              WiFi data        01 02 00009000 00006000[0m
[0;32mI (77) boot:  1 otadata          OTA data         01 00 0000f000 00002000[0m
[0;32mI (85) boot:  2 factory          factory app      00 00 00020000 00220000[0m
[0;32mI (92) boot: End of partition table[0m
[0;32mI (96) boot: Defaulting to factory image[0m
[0;32mI (101) esp_image: segment 0: paddr=00020020 vaddr=3f400020 size=31bb8h (203704) map[0m
[0;32mI (183) esp_image: segment 1: paddr=00051be0 vaddr=3ffbdb60 size=04498h ( 17560) load[0m
[0;32mI (190) esp_image: segment 2: paddr=00056080 vaddr=40080000 size=09f98h ( 40856) load[0m
[0;32mI (207) esp_image: segment 3: paddr=00060020 vaddr=400d0020 size=a0fd4h (659412) map[0m
[0;32mI (446) esp_image: segment 4: paddr=00100ffc vaddr=40089f98 size=0e7e0h ( 59360) load[0m
[0;32mI (483) boot: Loaded app from partition at offset 0x20000[0m
[0;32mI (483) boot: Disabling RNG early entropy source...[0m
[0;32mI (494) cpu_start: Multicore app[0m
[0;32mI (495) cpu_start: Pro cpu up.[0m
[0;32mI (495) cpu_start: Starting app cpu, entry point is 0x40081428[0m
[0;32mI (482) cpu_start: App cpu up.[0m
[0;32mI (513) cpu_start: Pro cpu start user code[0m
[0;32mI (513) cpu_start: cpu freq: 160000000 Hz[0m
[0;32mI (513) cpu_start: Application information:[0m
[0;32mI (518) cpu_start: Project name:     BLE_MESH_Node_BH[0m
[0;32mI (523) cpu_start: App version:      aa62094-dirty[0m
[0;32mI (529) cpu_start: Compile time:     Jul  8 2024 21:25:11[0m
[0;32mI (535) cpu_start: ELF file SHA256:  258678a5010bbf98...[0m
[0;32mI (541) cpu_start: ESP-IDF:          v5.1.2-dirty[0m
[0;32mI (546) cpu_start: Min chip rev:     v0.0[0m
[0;32mI (551) cpu_start: Max chip rev:     v3.99 [0m
[0;32mI (556) cpu_start: Chip rev:         v3.1[0m
[0;32mI (561) heap_init: Initializing. RAM available for dynamic allocation:[0m
[0;32mI (568) heap_init: At 3FFAFF10 len 000000F0 (0 KiB): DRAM[0m
[0;32mI (574) heap_init: At 3FFB6388 len 00001C78 (7 KiB): DRAM[0m
[0;32mI (580) heap_init: At 3FFB9A20 len 00004108 (16 KiB): DRAM[0m
[0;32mI (586) heap_init: At 3FFC97A8 len 00016858 (90 KiB): DRAM[0m
[0;32mI (592) heap_init: At 3FFE0440 len 00003AE0 (14 KiB): D/IRAM[0m
[0;32mI (599) heap_init: At 3FFE4350 len 0001BCB0 (111 KiB): D/IRAM[0m
[0;32mI (605) heap_init: At 40098778 len 00007888 (30 KiB): IRAM[0m
[0;32mI (613) spi_flash: detected chip: generic[0m
[0;32mI (616) spi_flash: flash io: dio[0m
[0;32mI (621) coexist: coex firmware version: b6d5e8c[0m
[0;32mI (626) app_start: Starting scheduler on CPU0[0m
[0;32[0;32mI (630) app_start: Starting scheduler on CPU1[0m
mI (630) main_task: Started on CPU0[0m
[0;32mI (640) main_task: Calling app_main()[0m
[0;32mI (640) MESH-SERVER-MAIN: Initializing...[0m
use esp timer !!!
[0;31mE (640) esp_timer: Task is already initialized[0m
[0;32mI (650) gpio: GPIO[0]| InputEn: 1| OutputEn: 0| OpenDrain: 0| Pullup: 1| Pulldown: 0| Intr:3 [0m
[0;32mI (670) MESH-SERVER-MAIN: Install OK.........[0m
[0;32mI (670) MESH-SERVER-MAIN: INIT OK.........[0m
ESP_ERROR_CHECK failed: esp_err_t 0xffffffff (ESP_FAIL) at 0x400d827d
file: "./main/bh1750.c" line 87
func: BH1750_write8
expression: i2c_master_write_to_device(BH1750->i2c_port, BH1750->addr, buffer, 1, portMAX_DELAY)

abort() was called at PC 0x400914e7 on core 0


Backtrace: 0x40081ad2:0x3ffbbab0 0x400914f1:0x3ffbbad0 0x40096cd2:0x3ffbbaf0 0x400914e7:0x3ffbbb60 0x400d827d:0x3ffbbb90 0x400d8291:0x3ffbbbc0 0x400d8180:0x3ffbbbe0 0x400d8201:0x3ffbbc30 0x401705b7:0x3ffbbc50 0x40093c31:0x3ffbbc80




ELF file SHA256: 258678a5010bbf98

Rebooting...
ets Jul 29 2019 12:21:46

rst:0xc (SW_CPU_RESET),boot:0x13 (SPI_FAST_FLASH_BOOT)
configsip: 0, SPIWP:0xee
clk_drv:0x00,q_drv:0x00,d_drv:0x00,cs0_drv:0x00,hd_drv:0x00,wp_drv:0x00
mode:DIO, clock div:2
load:0x3fff0030,len:7084
ho 0 tail 12 room 4
load:0x40078000,len:15584
load:0x40080400,len:4
load:0x40080404,len:3876
entry 0x4008064c
[0;32mI (31) boot: ESP-IDF v5.1.2-dirty 2nd stage bootloader[0m
[0;32mI (31) boot: compile time Jul  8 2024 21:25:35[0m
[0;32mI (31) boot: Multicore bootloader[0m
[0;32mI (36) boot: chip revision: v3.1[0m
[0;32mI (40) boot.esp32: SPI Speed      : 40MHz[0m
[0;32mI (44) boot.esp32: SPI Mode       : DIO[0m
[0;32mI (49) boot.esp32: SPI Flash Size : 4MB[0m
[0;32mI (53) boot: Enabling RNG early entropy source...[0m
[0;32mI (59) boot: Partition Table:[0m
[0;32mI (62) boot: ## Label            Usage          Type ST Offset   Length[0m
[0;32mI (70) boot:  0 nvs              WiFi data        01 02 00009000 00006000[0m
[0;32mI (77) boot:  1 otadata          OTA data         01 00 0000f000 00002000[0m
[0;32mI (85) boot:  2 factory          factory app      00 00 00020000 00220000[0m
[0;32mI (92) boot: End of partition table[0m
[0;32mI (96) boot: Defaulting to factory image[0m
[0;32mI (101) esp_image: segment 0: paddr=00020020 vaddr=3f400020 size=31bb8h (203704) map[0m
[0;32mI (183) esp_image: segment 1: paddr=00051be0 vaddr=3ffbdb60 size=04498h ( 17560) load[0m
[0;32mI (190) esp_image: segment 2: paddr=00056080 vaddr=40080000 size=09f98h ( 40856) load[0m
[0;32mI (207) esp_image: segment 3: paddr=00060020 vaddr=400d0020 size=a0fd4h (659412) map[0m
[0;32mI (446) esp_image: segment 4: paddr=00100ffc vaddr=40089f98 size=0e7e0h ( 59360) load[0m
[0;32mI (483) boot: Loaded app from partition at offset 0x20000[0m
[0;32mI (483) boot: Disabling RNG early entropy source...[0m
[0;32mI (494) cpu_start: Multicore app[0m
[0;32mI (495) cpu_start: Pro cpu up.[0m
[0;32mI (495) cpu_start: Starting app cpu, entry point is 0x40081428[0m
[0;32mI (482) cpu_start: App cpu up.[0m
[0;32mI (513) cpu_start: Pro cpu start user code[0m
[0;32mI (513) cpu_start: cpu freq: 160000000 Hz[0m
[0;32mI (513) cpu_start: Application information:[0m
[0;32mI (518) cpu_start: Project name:     BLE_MESH_Node_BH[0m
[0;32mI (523) cpu_start: App version:      aa62094-dirty[0m
[0;32mI (529) cpu_start: Compile time:     Jul  8 2024 21:25:11[0m
[0;32mI (535) cpu_start: ELF file SHA256:  258678a5010bbf98...[0m
[0;32mI (541) cpu_start: ESP-IDF:          v5.1.2-dirty[0m
[0;32mI (546) cpu_start: Min chip rev:     v0.0[0m
[0;32mI (551) cpu_start: Max chip rev:     v3.99 [0m
[0;32mI (556) cpu_start: Chip rev:         v3.1[0m
[0;32mI (561) heap_init: Initializing. RAM available for dynamic allocation:[0m
[0;32mI (568) heap_init: At 3FFAFF10 len 000000F0 (0 KiB): DRAM[0m
[0;32mI (574) heap_init: At 3FFB6388 len 00001C78 (7 KiB): DRAM[0m
[0;32mI (580) heap_init: At 3FFB9A20 len 00004108 (16 KiB): DRAM[0m
[0;32mI (586) heap_init: At 3FFC97A8 len 00016858 (90 KiB): DRAM[0m
[0;32mI (592) heap_init: At 3FFE0440 len 00003AE0 (14 KiB): D/IRAM[0m
[0;32mI (599) heap_init: At 3FFE4350 len 0001BCB0 (111 KiB): D/IRAM[0m
[0;32mI (605) heap_init: At 40098778 len 00007888 (30 KiB): IRAM[0m
[0;32mI (613) spi_flash: detected chip: generic[0m
[0;32mI (616) spi_flash: flash io: dio[0m
[0;32mI (621) coexist: coex firmware version: b6d5e8c[0m
[0;32mI (626) app_start: Starting scheduler on CPU0[0m
[0;32[0;32mI (630) app_start: Starting scheduler on CPU1[0m
mI (630) main_task: Started on CPU0[0m
[0;32mI (640) main_task: Calling app_main()[0m
[0;32mI (640) MESH-SERVER-MAIN: Initializing...[0m
use esp timer !!!
[0;31mE (640) esp_timer: Task is already initialized[0m
[0;32mI (650) gpio: GPIO[0]| InputEn: 1| OutputEn: 0| OpenDrain: 0| Pullup: 1| Pulldown: 0| Intr:3 [0m
[0;32mI (670) MESH-SERVER-MAIN: Install OK.........[0m
[0;32mI (670) MESH-SERVER-MAIN: INIT OK.........[0m
ESP_ERROR_CHECK failed: esp_err_t 0xffffffff (ESP_FAIL) at 0x400d827d
file: "./main/bh1750.c" line 87
func: BH1750_write8
expression: i2c_master_write_to_device(BH1750->i2c_port, BH1750->addr, buffer, 1, portMAX_DELAY)

abort() was called at PC 0x400914e7 on core 0


Backtrace: 0x40081ad2:0x3ffbbab0 0x400914f1:0x3ffbbad0 0x40096cd2:0x3ffbbaf0 0x400914e7:0x3ffbbb60 0x400d827d:0x3ffbbb90 0x400d8291:0x3ffbbbc0 0x400d8180:0x3ffbbbe0 0x400d8201:0x3ffbbc30 0x401705b7:0x3ffbbc50 0x40093c31:0x3ffbbc80




ELF file SHA256: 258678a5010bbf98

Rebooting...
ets Jul 29 2019 12:21:46

rst:0xc (SW_CPU_RESET),boot:0x13 (SPI_FAST_FLASH_BOOT)
configsip: 0, SPIWP:0xee
clk_drv:0x00,q_drv:0x00,d_drv:0x00,cs0_drv:0x00,hd_drv:0x00,wp_drv:0x00
mode:DIO, clock div:2
load:0x3fff0030,len:7084
ho 0 tail 12 room 4
load:0x40078000,len:15584
load:0x40080400,len:4
load:0x40080404,len:3876
entry 0x4008064c
[0;32mI (31) boot: ESP-IDF v5.1.2-dirty 2nd stage bootloader[0m
[0;32mI (31) boot: compile time Jul  8 2024 21:25:35[0m
[0;32mI (31) boot: Multicore bootloader[0m
[0;32mI (36) boot: chip revision: v3.1[0m
[0;32mI (40) boot.esp32: SPI Speed      : 40MHz[0m
[0;32mI (44) boot.esp32: SPI Mode       : DIO[0m
[0;32mI (49) boot.esp32: SPI Flash Size : 4MB[0m
[0;32mI (53) boot: Enabling RNG early entropy source...[0m
[0;32mI (59) boot: Partition Table:[0m
[0;32mI (62) boot: ## Label            Usage          Type ST Offset   Length[0m
[0;32mI (70) boot:  0 nvs              WiFi data        01 02 00009000 00006000[0m
[0;32mI (77) boot:  1 otadata          OTA data         01 00 0000f000 00002000[0m
[0;32mI (85) boot:  2 factory          factory app      00 00 00020000 00220000[0m
[0;32mI (92) boot: End of partition table[0m
[0;32mI (96) boot: Defaulting to factory image[0m
[0;32mI (101) esp_image: segment 0: paddr=00020020 vaddr=3f400020 size=31bb8h (203704) map[0m
[0;32mI (183) esp_image: segment 1: paddr=00051be0 vaddr=3ffbdb60 size=04498h ( 17560) load[0m
[0;32mI (190) esp_image: segment 2: paddr=00056080 vaddr=40080000 size=09f98h ( 40856) load[0m
[0;32mI (207) esp_image: segment 3: paddr=00060020 vaddr=400d0020 size=a0fd4h (659412) map[0m
[0;32mI (446) esp_image: segment 4: paddr=00100ffc vaddr=40089f98 size=0e7e0h ( 59360) load[0m
[0;32mI (483) boot: Loaded app from partition at offset 0x20000[0m
[0;32mI (483) boot: Disabling RNG early entropy source...[0m
[0;32mI (494) cpu_start: Multicore app[0m
[0;32mI (495) cpu_start: Pro cpu up.[0m
[0;32mI (495) cpu_start: Starting app cpu, entry point is 0x40081428[0m
[0;32mI (482) cpu_start: App cpu up.[0m
[0;32mI (513) cpu_start: Pro cpu start user code[0m
[0;32mI (513) cpu_start: cpu freq: 160000000 Hz[0m
[0;32mI (513) cpu_start: Application information:[0m
[0;32mI (518) cpu_start: Project name:     BLE_MESH_Node_BH[0m
[0;32mI (523) cpu_start: App version:      aa62094-dirty[0m
[0;32mI (529) cpu_start: Compile time:     Jul  8 2024 21:25:11[0m
[0;32mI (535) cpu_start: ELF file SHA256:  258678a5010bbf98...[0m
[0;32mI (541) cpu_start: ESP-IDF:          v5.1.2-dirty[0m
[0;32mI (546) cpu_start: Min chip rev:     v0.0[0m
[0;32mI (551) cpu_start: Max chip rev:     v3.99 [0m
[0;32mI (556) cpu_start: Chip rev:         v3.1[0m
[0;32mI (561) heap_init: Initializing. RAM available for dynamic allocation:[0m
[0;32mI (568) heap_init: At 3FFAFF10 len 000000F0 (0 KiB): DRAM[0m
[0;32mI (574) heap_init: At 3FFB6388 len 00001C78 (7 KiB): DRAM[0m
[0;32mI (580) heap_init: At 3FFB9A20 len 00004108 (16 KiB): DRAM[0m
[0;32mI (586) heap_init: At 3FFC97A8 len 00016858 (90 KiB): DRAM[0m
[0;32mI (592) heap_init: At 3FFE0440 len 00003AE0 (14 KiB): D/IRAM[0m
[0;32mI (599) heap_init: At 3FFE4350 len 0001BCB0 (111 KiB): D/IRAM[0m
[0;32mI (605) heap_init: At 40098778 len 00007888 (30 KiB): IRAM[0m
[0;32mI (613) spi_flash: detected chip: generic[0m
[0;32mI (616) spi_flash: flash io: dio[0m
[0;32mI (621) coexist: coex firmware version: b6d5e8c[0m
[0;32mI (626) app_start: Starting scheduler on CPU0[0m
[0;32[0;32mI (630) app_start: Starting scheduler on CPU1[0m
mI (630) main_task: Started on CPU0[0m
[0;32mI (640) main_task: Calling app_main()[0m
[0;32mI (640) MESH-SERVER-MAIN: Initializing...[0m
use esp timer !!!
[0;31mE (640) esp_timer: Task is already initialized[0m
[0;32mI (650) gpio: GPIO[0]| InputEn: 1| OutputEn: 0| OpenDrain: 0| Pullup: 1| Pulldown: 0| Intr:3 [0m
[0;32mI (670) MESH-SERVER-MAIN: Install OK.........[0m
[0;32mI (670) MESH-SERVER-MAIN: INIT OK.........[0m
ESP_ERROR_CHECK failed: esp_err_t 0xffffffff (ESP_FAIL) at 0x400d827d
file: "./main/bh1750.c" line 87
func: BH1750_write8
expression: i2c_master_write_to_device(BH1750->i2c_port, BH1750->addr, buffer, 1, portMAX_DELAY)

abort() was called at PC 0x400914e7 on core 0


Backtrace: 0x40081ad2:0x3ffbbab0 0x400914f1:0x3ffbbad0 0x40096cd2:0x3ffbbaf0 0x400914e7:0x3ffbbb60 0x400d827d:0x3ffbbb90 0x400d8291:0x3ffbbbc0 0x400d8180:0x3ffbbbe0 0x400d8201:0x3ffbbc30 0x401705b7:0x3ffbbc50 0x40093c31:0x3ffbbc80




ELF file SHA256: 258678a5010bbf98

Rebooting...
ets Jul 29 2019 12:21:46

rst:0xc (SW_CPU_RESET),boot:0x13 (SPI_FAST_FLASH_BOOT)
configsip: 0, SPIWP:0xee
clk_drv:0x00,q_drv:0x00,d_drv:0x00,cs0_drv:0x00,hd_drv:0x00,wp_drv:0x00
mode:DIO, clock div:2
load:0x3fff0030,len:7084
ho 0 tail 12 room 4
load:0x40078000,len:15584
load:0x40080400,len:4
load:0x40080404,len:3876
entry 0x4008064c
[0;32mI (31) boot: ESP-IDF v5.1.2-dirty 2nd stage bootloader[0m
[0;32mI (31) boot: compile time Jul  8 2024 21:25:35[0m
[0;32mI (31) boot: Multicore bootloader[0m
[0;32mI (36) boot: chip revision: v3.1[0m
[0;32mI (40) boot.esp32: SPI Speed      : 40MHz[0m
[0;32mI (44) boot.esp32: SPI Mode       : DIO[0m
[0;32mI (49) boot.esp32: SPI Flash Size : 4MB[0m
[0;32mI (53) boot: Enabling RNG early entropy source...[0m
[0;32mI (59) boot: Partition Table:[0m
[0;32mI (62) boot: ## Label            Usage          Type ST Offset   Length[0m
[0;32mI (70) boot:  0 nvs              WiFi data        01 02 00009000 00006000[0m
[0;32mI (77) boot:  1 otadata          OTA data         01 00 0000f000 00002000[0m
[0;32mI (85) boot:  2 factory          factory app      00 00 00020000 00220000[0m
[0;32mI (92) boot: End of partition table[0m
[0;32mI (96) boot: Defaulting to factory image[0m
[0;32mI (101) esp_image: segment 0: paddr=00020020 vaddr=3f400020 size=31bb8h (203704) map[0m
[0;32mI (183) esp_image: segment 1: paddr=00051be0 vaddr=3ffbdb60 size=04498h ( 17560) load[0m
[0;32mI (190) esp_image: segment 2: paddr=00056080 vaddr=40080000 size=09f98h ( 40856) load[0m
[0;32mI (207) esp_image: segment 3: paddr=00060020 vaddr=400d0020 size=a0fd4h (659412) map[0m
ets Jul 29 2019 12:21:46

rst:0x1 (POWERON_RESET),boot:0x13 (SPI_FAST_FLASH_BOOT)
configsip: 0, SPIWP:0xee
clk_drv:0x00,q_drv:0x00,d_drv:0x00,cs0_drv:0x00,hd_drv:0x00,wp_drv:0x00
mode:DIO, clock div:2
load:0x3fff0030,len:7084
ho 0 tail 12 room 4
load:0x40078000,len:15584
load:0x40080400,len:4
load:0x40080404,len:3876
entry 0x4008064c
[0;32mI (31) boot: ESP-IDF v5.1.2-dirty 2nd stage bootloader[0m
[0;32mI (31) boot: compile time Jul  8 2024 21:25:35[0m
[0;32mI (31) boot: Multicore bootloader[0m
[0;32mI (36) boot: chip revision: v3.1[0m
[0;32mI (40) boot.esp32: SPI Speed      : 40MHz[0m
[0;32mI (44) boot.esp32: SPI Mode       : DIO[0m
[0;32mI (49) boot.esp32: SPI Flash Size : 4MB[0m
[0;32mI (53) boot: Enabling RNG early entropy source...[0m
[0;32mI (59) boot: Partition Table:[0m
[0;32mI (62) boot: ## Label            Usage          Type ST Offset   Length[0m
[0;32mI (70) boot:  0 nvs              WiFi data        01 02 00009000 00006000[0m
[0;32mI (77) boot:  1 otadata          OTA data         01 00 0000f000 00002000[0m
[0;32mI (85) boot:  2 factory          factory app      00 00 00020000 00220000[0m
[0;32mI (92) boot: End of partition table[0m
[0;32mI (96) boot: Defaulting to factory image[0m
[0;32mI (101) esp_image: segment 0: paddr=00020020 vaddr=3f400020 size=31bb8h (203704) map[0m
[0;32mI (183) esp_image: segment 1: paddr=00051be0 vaddr=3ffbdb60 size=04498h ( 17560) load[0m
[0;32mI (190) esp_image: segment 2: paddr=00056080 vaddr=40080000 size=09f98h ( 40856) load[0m
[0;32mI (207) esp_image: segment 3: paddr=00060020 vaddr=400d0020 size=a0fd4h (659412) map[0m
[0;32mI (446) esp_image: segment 4: paddr=00100ffc vaddr=40089f98 size=0e7e0h ( 59360) load[0m
[0;32mI (483) boot: Loaded app from partition at offset 0x20000[0m
[0;32mI (483) boot: Disabling RNG early entropy source...[0m
[0;32mI (495) cpu_start: Multicore app[0m
[0;32mI (495) cpu_start: Pro cpu up.[0m
[0;32mI (495) cpu_start: Starting app cpu, entry point is 0x40081428[0m
[0;32mI (0) cpu_start: App cpu up.[0m
[0;32mI (513) cpu_start: Pro cpu start user code[0m
[0;32mI (513) cpu_start: cpu freq: 160000000 Hz[0m
[0;32mI (513) cpu_start: Application information:[0m
[0;32mI (518) cpu_start: Project name:     BLE_MESH_Node_BH[0m
[0;32mI (523) cpu_start: App version:      aa62094-dirty[0m
[0;32mI (529) cpu_start: Compile time:     Jul  8 2024 21:25:11[0m
[0;32mI (535) cpu_start: ELF file SHA256:  258678a5010bbf98...[0m
[0;32mI (541) cpu_start: ESP-IDF:          v5.1.2-dirty[0m
[0;32mI (546) cpu_start: Min chip rev:     v0.0[0m
[0;32mI (551) cpu_start: Max chip rev:     v3.99 [0m
[0;32mI (556) cpu_start: Chip rev:         v3.1[0m
[0;32mI (561) heap_init: Initializing. RAM available for dynamic allocation:[0m
[0;32mI (568) heap_init: At 3FFAFF10 len 000000F0 (0 KiB): DRAM[0m
[0;32mI (574) heap_init: At 3FFB6388 len 00001C78 (7 KiB): DRAM[0m
[0;32mI (580) heap_init: At 3FFB9A20 len 00004108 (16 KiB): DRAM[0m
[0;32mI (586) heap_init: At 3FFC97A8 len 00016858 (90 KiB): DRAM[0m
[0;32mI (592) heap_init: At 3FFE0440 len 00003AE0 (14 KiB): D/IRAM[0m
[0;32mI (598) heap_init: At 3FFE4350 len 0001BCB0 (111 KiB): D/IRAM[0m
[0;32mI (605) heap_init: At 40098778 len 00007888 (30 KiB): IRAM[0m
[0;32mI (613) spi_flash: detected chip: generic[0m
[0;32mI (616) spi_flash: flash io: dio[0m
[0;32mI (621) coexist: coex firmware version: b6d5e8c[0m
[0;32mI (626) app_start: Starting scheduler on CPU0[0m
[0;32[0;32mI (630) app_start: Starting scheduler on CPU1[0m
mI (630) main_task: Started on CPU0[0m
[0;32mI (640) main_task: Calling app_main()[0m
[0;32mI (640) MESH-SERVER-MAIN: Initializing...[0m
use esp timer !!!
[0;31mE (640) esp_timer: Task is already initialized[0m
[0;32mI (650) gpio: GPIO[0]| InputEn: 1| OutputEn: 0| OpenDrain: 0| Pullup: 1| Pulldown: 0| Intr:3 [0m
[0;32mI (670) MESH-SERVER-MAIN: Install OK.........[0m
[0;32mI (670) MESH-SERVER-MAIN: INIT OK.........[0m
ESP_ERROR_CHECK failed: esp_err_t 0xffffffff (ESP_FAIL) at 0x400d827d
file: "./main/bh1750.c" line 87
func: BH1750_write8
expression: i2c_master_write_to_device(BH1750->i2c_port, BH1750->addr, buffer, 1, portMAX_DELAY)

abort() was called at PC 0x400914e7 on core 0


Backtrace: 0x40081ad2:0x3ffbbab0 0x400914f1:0x3ffbbad0 0x40096cd2:0x3ffbbaf0 0x400914e7:0x3ffbbb60 0x400d827d:0x3ffbbb90 0x400d8291:0x3ffbbbc0 0x400d8180:0x3ffbbbe0 0x400d8201:0x3ffbbc30 0x401705b7:0x3ffbbc50 0x40093c31:0x3ffbbc80




ELF file SHA256: 258678a5010bbf98

Rebooting...
ets Jul 29 2019 12:21:46

rst:0xc (SW_CPU_RESET),boot:0x13 (SPI_FAST_FLASH_BOOT)
configsip: 0, SPIWP:0xee
clk_drv:0x00,q_drv:0x00,d_drv:0x00,cs0_drv:0x00,hd_drv:0x00,wp_drv:0x00
mode:DIO, clock div:2
load:0x3fff0030,len:7084
ho 0 tail 12 room 4
